Archive member included to satisfy reference by file (symbol)

.pio/build/genericSTM32F103C8/liba48/libSPI.a(SPI.cpp.o)
                              .pio/build/genericSTM32F103C8/src/main.cpp.o (SPIClass::SPIClass(unsigned long, unsigned long, unsigned long, unsigned long))
.pio/build/genericSTM32F103C8/liba48/libSPI.a(spi_com.c.o)
                              .pio/build/genericSTM32F103C8/liba48/libSPI.a(SPI.cpp.o) (spi_getClkFreq)
.pio/build/genericSTM32F103C8/lib7f4/libSdFat - Adafruit Fork.a(FatFile.cpp.o)
                              .pio/build/genericSTM32F103C8/src/main.cpp.o (FatFile::openRoot(FatVolume*))
.pio/build/genericSTM32F103C8/lib7f4/libSdFat - Adafruit Fork.a(FatFileLFN.cpp.o)
                              .pio/build/genericSTM32F103C8/lib7f4/libSdFat - Adafruit Fork.a(FatFile.cpp.o) (FatFile::open(FatFile*, FatLfn_t*, int))
.pio/build/genericSTM32F103C8/lib7f4/libSdFat - Adafruit Fork.a(FatName.cpp.o)
                              .pio/build/genericSTM32F103C8/lib7f4/libSdFat - Adafruit Fork.a(FatFileLFN.cpp.o) (FatFile::getLfnChar(DirLfn_t*, unsigned char))
.pio/build/genericSTM32F103C8/lib7f4/libSdFat - Adafruit Fork.a(FatPartition.cpp.o)
                              .pio/build/genericSTM32F103C8/lib7f4/libSdFat - Adafruit Fork.a(FatFile.cpp.o) (FatPartition::fatGet(unsigned long, unsigned long*))
.pio/build/genericSTM32F103C8/lib7f4/libSdFat - Adafruit Fork.a(FatVolume.cpp.o)
                              .pio/build/genericSTM32F103C8/src/main.cpp.o (FatVolume::m_cwv)
.pio/build/genericSTM32F103C8/lib7f4/libSdFat - Adafruit Fork.a(SdSpiCard.cpp.o)
                              .pio/build/genericSTM32F103C8/src/main.cpp.o (DedicatedSpiCard::begin(SdSpiConfig))
.pio/build/genericSTM32F103C8/lib7f4/libSdFat - Adafruit Fork.a(SdSpiChipSelect.cpp.o)
                              .pio/build/genericSTM32F103C8/lib7f4/libSdFat - Adafruit Fork.a(SdSpiCard.cpp.o) (sdCsInit(unsigned char))
.pio/build/genericSTM32F103C8/lib7f4/libSdFat - Adafruit Fork.a(SdSpiSTM32Core.cpp.o)
                              .pio/build/genericSTM32F103C8/lib7f4/libSdFat - Adafruit Fork.a(SdSpiCard.cpp.o) (SdSpiArduinoDriver::activate())
.pio/build/genericSTM32F103C8/lib7f4/libSdFat - Adafruit Fork.a(FsCache.cpp.o)
                              .pio/build/genericSTM32F103C8/lib7f4/libSdFat - Adafruit Fork.a(FatFile.cpp.o) (FsCache::sync())
.pio/build/genericSTM32F103C8/lib7f4/libSdFat - Adafruit Fork.a(FsDateTime.cpp.o)
                              .pio/build/genericSTM32F103C8/lib7f4/libSdFat - Adafruit Fork.a(FatFile.cpp.o) (FsDateTime::callback)
.pio/build/genericSTM32F103C8/lib7f4/libSdFat - Adafruit Fork.a(FsName.cpp.o)
                              .pio/build/genericSTM32F103C8/lib7f4/libSdFat - Adafruit Fork.a(FatFileLFN.cpp.o) (FsName::get16())
.pio/build/genericSTM32F103C8/lib7f4/libSdFat - Adafruit Fork.a(FsUtf.cpp.o)
                              .pio/build/genericSTM32F103C8/lib7f4/libSdFat - Adafruit Fork.a(FatName.cpp.o) (FsUtf::cpToMb(unsigned long, char*, char*))
.pio/build/genericSTM32F103C8/lib7f4/libSdFat - Adafruit Fork.a(upcase.cpp.o)
                              .pio/build/genericSTM32F103C8/lib7f4/libSdFat - Adafruit Fork.a(FatFileLFN.cpp.o) (toUpcase(unsigned short))
.pio/build/genericSTM32F103C8/lib7f4/libSdFat - Adafruit Fork.a(FmtNumber.cpp.o)
                              .pio/build/genericSTM32F103C8/lib7f4/libSdFat - Adafruit Fork.a(FsDateTime.cpp.o) (fmtBase10(char*, unsigned short))
.pio/build/genericSTM32F103C8/liba5d/libEEPROM.a(stm32_eeprom.c.o)
                              .pio/build/genericSTM32F103C8/src/main.cpp.o (eeprom_read_byte)
.pio/build/genericSTM32F103C8/libFrameworkArduino.a(HardwareSerial.cpp.o)
                              .pio/build/genericSTM32F103C8/src/main.cpp.o (Serial2)
.pio/build/genericSTM32F103C8/libFrameworkArduino.a(Print.cpp.o)
                              .pio/build/genericSTM32F103C8/src/main.cpp.o (Print::println(String const&))
.pio/build/genericSTM32F103C8/libFrameworkArduino.a(Stream.cpp.o)
                              .pio/build/genericSTM32F103C8/src/main.cpp.o (Stream::readBytes(char*, unsigned int))
.pio/build/genericSTM32F103C8/libFrameworkArduino.a(Tone.cpp.o)
                              .pio/build/genericSTM32F103C8/src/main.cpp.o (tone(unsigned char, unsigned int, unsigned long))
.pio/build/genericSTM32F103C8/libFrameworkArduino.a(WString.cpp.o)
                              .pio/build/genericSTM32F103C8/src/main.cpp.o (String::~String())
.pio/build/genericSTM32F103C8/libFrameworkArduino.a(dtostrf.c.o)
                              .pio/build/genericSTM32F103C8/libFrameworkArduino.a(WString.cpp.o) (dtostrf)
.pio/build/genericSTM32F103C8/libFrameworkArduino.a(itoa.c.o)
                              .pio/build/genericSTM32F103C8/libFrameworkArduino.a(WString.cpp.o) (ltoa)
.pio/build/genericSTM32F103C8/libFrameworkArduino.a(main.cpp.o)
[...]
Memory Configuration

Name             Origin             Length             Attributes
*default*        0x00000000         0xffffffff
RAM              0x20000000         0x00005000         xrw
FLASH            0x08000000         0x00010000         xr

Linker script and memory map

                0x20005000                        _estack = (ORIGIN (RAM) + LENGTH (RAM))
                0x00000200                        _Min_Heap_Size = 0x200
                0x00000400                        _Min_Stack_Size = 0x400

.isr_vector     0x08000000      0x10c
                0x08000000                        . = ALIGN (0x4)
 *(.isr_vector)
 .isr_vector    0x08000000      0x10c .pio/build/genericSTM32F103C8/FrameworkArduinoVariant/startup_M200_f103xb.S.o
                0x08000000                g_pfnVectors
                0x0800010c                        . = ALIGN (0x4)

.text           0x0800010c     0x64b0
                0x0800010c                        . = ALIGN (0x4)
 *(.text)
 .text          0x0800010c       0x14 c:/users/admin/.platformio/packages/toolchain-gccarmnoneeabi/bin/../lib/gcc/arm-none-eabi/12.3.1/../../../../arm-none-eabi/lib/thumb/v7-m/nofp\libc_nano.a(libc_a-strcmp.o)
                0x0800010c                strcmp
 .text          0x08000120       0x10 c:/users/admin/.platformio/packages/toolchain-gccarmnoneeabi/bin/../lib/gcc/arm-none-eabi/12.3.1/../../../../arm-none-eabi/lib/thumb/v7-m/nofp\libc_nano.a(libc_a-strlen.o)
                0x08000120                strlen
 *(.text*)
 .text.__do_global_dtors_aux
                0x08000130       0x24 c:/users/admin/.platformio/packages/toolchain-gccarmnoneeabi/bin/../lib/gcc/arm-none-eabi/12.3.1/thumb/v7-m/nofp/crtbegin.o
 .text.frame_dummy
                0x08000154       0x1c c:/users/admin/.platformio/packages/toolchain-gccarmnoneeabi/bin/../lib/gcc/arm-none-eabi/12.3.1/thumb/v7-m/nofp/crtbegin.o
 .text.SystemClock_Config
                0x08000170       0x56 .pio/build/genericSTM32F103C8/FrameworkArduinoVariant/generic_clock.c.o
                0x08000170                SystemClock_Config
 *fill*         0x080001c6        0x2 
 .text.Reset_Handler
                0x080001c8       0x60 .pio/build/genericSTM32F103C8/FrameworkArduinoVariant/startup_M200_f103xb.S.o
                0x080001c8                Reset_Handler
 .text.Default_Handler
                0x08000228        0x4 .pio/build/genericSTM32F103C8/FrameworkArduinoVariant/startup_M200_f103xb.S.o
                0x08000228                RTC_Alarm_IRQHandler
                0x08000228                DebugMon_Handler
                0x08000228                HardFault_Handler
                0x08000228                PVD_IRQHandler
                0x08000228                PendSV_Handler
                0x08000228                NMI_Handler
                0x08000228                I2C2_EV_IRQHandler
                0x08000228                UsageFault_Handler
                0x08000228                ADC1_2_IRQHandler
                0x08000228                SPI1_IRQHandler
                0x08000228                TAMPER_IRQHandler
                0x08000228                DMA1_Channel4_IRQHandler
                0x08000228                RTC_IRQHandler
                0x08000228                DMA1_Channel7_IRQHandler
                0x08000228                CAN1_RX1_IRQHandler
                0x08000228                I2C1_EV_IRQHandler
                0x08000228                DMA1_Channel6_IRQHandler
                0x08000228                RCC_IRQHandler
                0x08000228                TIM1_TRG_COM_IRQHandler
                0x08000228                DMA1_Channel1_IRQHandler
                0x08000228                Default_Handler
                0x08000228                SPI2_IRQHandler
                0x08000228                MemManage_Handler
                0x08000228                SVC_Handler
                0x08000228                DMA1_Channel5_IRQHandler
                0x08000228                USB_LP_CAN1_RX0_IRQHandler
                0x08000228                USB_HP_CAN1_TX_IRQHandler
                0x08000228                DMA1_Channel3_IRQHandler
                0x08000228                WWDG_IRQHandler
                0x08000228                TIM1_BRK_IRQHandler
                0x08000228                I2C2_ER_IRQHandler
                0x08000228                DMA1_Channel2_IRQHandler
                0x08000228                CAN1_SCE_IRQHandler
                0x08000228                FLASH_IRQHandler
                0x08000228                BusFault_Handler
                0x08000228                I2C1_ER_IRQHandler
                0x08000228                USBWakeUp_IRQHandler
 .text.HAL_MspInit
                0x0800022c        0x2 .pio/build/genericSTM32F103C8/SrcWrapper/src/HAL/stm32yyxx_hal.c.o
                0x0800022c                HAL_MspInit
 *fill*         0x0800022e        0x2 
 .text.HAL_InitTick
                0x08000230       0x48 .pio/build/genericSTM32F103C8/SrcWrapper/src/HAL/stm32yyxx_hal.c.o
                0x08000230                HAL_InitTick
 .text.HAL_Init
                0x08000278       0x24 .pio/build/genericSTM32F103C8/SrcWrapper/src/HAL/stm32yyxx_hal.c.o
                0x08000278                HAL_Init
 .text.HAL_IncTick
                0x0800029c       0x18 .pio/build/genericSTM32F103C8/SrcWrapper/src/HAL/stm32yyxx_hal.c.o
                0x0800029c                HAL_IncTick
 .text.HAL_GetTick
                0x080002b4        0xc .pio/build/genericSTM32F103C8/SrcWrapper/src/HAL/stm32yyxx_hal.c.o
                0x080002b4                HAL_GetTick
 .text.HAL_NVIC_SetPriorityGrouping
                0x080002c0       0x24 .pio/build/genericSTM32F103C8/SrcWrapper/src/HAL/stm32yyxx_hal_cortex.c.o
                0x080002c0                HAL_NVIC_SetPriorityGrouping
 .text.HAL_NVIC_SetPriority
                0x080002e4       0x60 .pio/build/genericSTM32F103C8/SrcWrapper/src/HAL/stm32yyxx_hal_cortex.c.o
                0x080002e4                HAL_NVIC_SetPriority
 .text.HAL_NVIC_EnableIRQ
                0x08000344       0x1c .pio/build/genericSTM32F103C8/SrcWrapper/src/HAL/stm32yyxx_hal_cortex.c.o
                0x08000344                HAL_NVIC_EnableIRQ
 .text.HAL_NVIC_DisableIRQ
                0x08000360       0x24 .pio/build/genericSTM32F103C8/SrcWrapper/src/HAL/stm32yyxx_hal_cortex.c.o
                0x08000360                HAL_NVIC_DisableIRQ
 .text.HAL_SYSTICK_Config
                0x08000384       0x28 .pio/build/genericSTM32F103C8/SrcWrapper/src/HAL/stm32yyxx_hal_cortex.c.o
                0x08000384                HAL_SYSTICK_Config
 .text.HAL_NVIC_ClearPendingIRQ
                0x080003ac       0x1c .pio/build/genericSTM32F103C8/SrcWrapper/src/HAL/stm32yyxx_hal_cortex.c.o
                0x080003ac                HAL_NVIC_ClearPendingIRQ
 .text.HAL_SYSTICK_Callback
                0x080003c8        0x2 .pio/build/genericSTM32F103C8/SrcWrapper/src/HAL/stm32yyxx_hal_cortex.c.o
                0x080003c8                HAL_SYSTICK_Callback
 .text.HAL_SYSTICK_IRQHandler
                0x080003ca        0x8 .pio/build/genericSTM32F103C8/SrcWrapper/src/HAL/stm32yyxx_hal_cortex.c.o
                0x080003ca                HAL_SYSTICK_IRQHandler
 .text.HAL_CRC_MspInit
                0x080003d2        0x2 .pio/build/genericSTM32F103C8/SrcWrapper/src/HAL/stm32yyxx_hal_crc.c.o
                0x080003d2                HAL_CRC_MspInit
 .text.HAL_CRC_Init
                0x080003d4       0x20 .pio/build/genericSTM32F103C8/SrcWrapper/src/HAL/stm32yyxx_hal_crc.c.o
                0x080003d4                HAL_CRC_Init
 .text.HAL_DMA_Abort
                0x080003f4       0x3e .pio/build/genericSTM32F103C8/SrcWrapper/src/HAL/stm32yyxx_hal_dma.c.o
                0x080003f4                HAL_DMA_Abort
 *fill*         0x08000432        0x2 
 .text.HAL_DMA_Abort_IT
                0x08000434       0x8c .pio/build/genericSTM32F103C8/SrcWrapper/src/HAL/stm32yyxx_hal_dma.c.o
                0x08000434                HAL_DMA_Abort_IT
 .text.FLASH_SetErrorCode
                0x080004c0       0x50 .pio/build/genericSTM32F103C8/SrcWrapper/src/HAL/stm32yyxx_hal_flash.c.o
 .text.HAL_FLASH_Unlock
                0x08000510       0x24 .pio/build/genericSTM32F103C8/SrcWrapper/src/HAL/stm32yyxx_hal_flash.c.o
                0x08000510                HAL_FLASH_Unlock
 .text.HAL_FLASH_Lock
                0x08000534       0x14 .pio/build/genericSTM32F103C8/SrcWrapper/src/HAL/stm32yyxx_hal_flash.c.o
                0x08000534                HAL_FLASH_Lock
 .text.FLASH_WaitForLastOperation
                0x08000548       0x54 .pio/build/genericSTM32F103C8/SrcWrapper/src/HAL/stm32yyxx_hal_flash.c.o
                0x08000548                FLASH_WaitForLastOperation
 .text.HAL_FLASH_Program
                0x0800059c       0xa4 .pio/build/genericSTM32F103C8/SrcWrapper/src/HAL/stm32yyxx_hal_flash.c.o
                0x0800059c                HAL_FLASH_Program
 .text.FLASH_PageErase
                0x08000640       0x24 .pio/build/genericSTM32F103C8/SrcWrapper/src/HAL/stm32yyxx_hal_flash_ex.c.o
                0x08000640                FLASH_PageErase
 .text.HAL_FLASHEx_Erase
                0x08000664       0xa8 .pio/build/genericSTM32F103C8/SrcWrapper/src/HAL/stm32yyxx_hal_flash_ex.c.o
                0x08000664                HAL_FLASHEx_Erase
 .text.HAL_GPIO_EXTI_IRQHandler
                0x0800070c       0x18 .pio/build/genericSTM32F103C8/SrcWrapper/src/HAL/stm32yyxx_hal_gpio.c.o
                0x0800070c                HAL_GPIO_EXTI_IRQHandler
 .text.HAL_RCC_OscConfig
                0x08000724      0x338 .pio/build/genericSTM32F103C8/SrcWrapper/src/HAL/stm32yyxx_hal_rcc.c.o
                0x08000724                HAL_RCC_OscConfig
 .text.HAL_RCC_GetSysClockFreq
                0x08000a5c       0x4c .pio/build/genericSTM32F103C8/SrcWrapper/src/HAL/stm32yyxx_hal_rcc.c.o
                0x08000a5c                HAL_RCC_GetSysClockFreq
 .text.HAL_RCC_ClockConfig
                0x08000aa8      0x138 .pio/build/genericSTM32F103C8/SrcWrapper/src/HAL/stm32yyxx_hal_rcc.c.o
                0x08000aa8                HAL_RCC_ClockConfig
 .text.HAL_RCC_GetPCLK1Freq
                0x08000be0       0x20 .pio/build/genericSTM32F103C8/SrcWrapper/src/HAL/stm32yyxx_hal_rcc.c.o
                0x08000be0                HAL_RCC_GetPCLK1Freq
 .text.HAL_RCC_GetPCLK2Freq
                0x08000c00       0x20 .pio/build/genericSTM32F103C8/SrcWrapper/src/HAL/stm32yyxx_hal_rcc.c.o
                0x08000c00                HAL_RCC_GetPCLK2Freq
 .text.HAL_RCC_GetClockConfig
                0x08000c20       0x3c .pio/build/genericSTM32F103C8/SrcWrapper/src/HAL/stm32yyxx_hal_rcc.c.o
                0x08000c20                HAL_RCC_GetClockConfig
 .text.HAL_SPI_MspInit
                0x08000c5c        0x2 .pio/build/genericSTM32F103C8/SrcWrapper/src/HAL/stm32yyxx_hal_spi.c.o
                0x08000c5c                HAL_SPI_MspInit
 .text.HAL_SPI_Init
                0x08000c5e       0xb0 .pio/build/genericSTM32F103C8/SrcWrapper/src/HAL/stm32yyxx_hal_spi.c.o
                0x08000c5e                HAL_SPI_Init
 .text.HAL_SPI_MspDeInit
                0x08000d0e        0x2 .pio/build/genericSTM32F103C8/SrcWrapper/src/HAL/stm32yyxx_hal_spi.c.o
                0x08000d0e                HAL_SPI_MspDeInit
 .text.HAL_SPI_DeInit
                0x08000d10       0x2c .pio/build/genericSTM32F103C8/SrcWrapper/src/HAL/stm32yyxx_hal_spi.c.o
                0x08000d10                HAL_SPI_DeInit
 .text.HAL_TIM_Base_DeInit
                0x08000d3c       0x5e .pio/build/genericSTM32F103C8/SrcWrapper/src/HAL/stm32yyxx_hal_tim.c.o
                0x08000d3c                HAL_TIM_Base_DeInit
 *fill*         0x08000d9a        0x2 
 .text.HAL_TIM_Base_Start
                0x08000d9c       0x4c .pio/build/genericSTM32F103C8/SrcWrapper/src/HAL/stm32yyxx_hal_tim.c.o
                0x08000d9c                HAL_TIM_Base_Start
 .text.HAL_TIM_Base_Stop
                0x08000de8       0x28 .pio/build/genericSTM32F103C8/SrcWrapper/src/HAL/stm32yyxx_hal_tim.c.o
                0x08000de8                HAL_TIM_Base_Stop
 .text.HAL_TIM_Base_Stop_IT
                0x08000e10       0x30 .pio/build/genericSTM32F103C8/SrcWrapper/src/HAL/stm32yyxx_hal_tim.c.o
                0x08000e10                HAL_TIM_Base_Stop_IT
 .text.HAL_TIM_GenerateEvent
                0x08000e40       0x24 .pio/build/genericSTM32F103C8/SrcWrapper/src/HAL/stm32yyxx_hal_tim.c.o
                0x08000e40                HAL_TIM_GenerateEvent
 .text.HAL_TIM_PWM_PulseFinishedCallback
                0x08000e64        0x2 .pio/build/genericSTM32F103C8/SrcWrapper/src/HAL/stm32yyxx_hal_tim.c.o
                0x08000e64                HAL_TIM_PWM_PulseFinishedCallback
 .text.HAL_TIM_TriggerCallback
                0x08000e66        0x2 .pio/build/genericSTM32F103C8/SrcWrapper/src/HAL/stm32yyxx_hal_tim.c.o
                0x08000e66                HAL_TIM_TriggerCallback
 .text.HAL_TIM_IRQHandler
                0x08000e68      0x128 .pio/build/genericSTM32F103C8/SrcWrapper/src/HAL/stm32yyxx_hal_tim.c.o
                0x08000e68                HAL_TIM_IRQHandler
 .text.TIM_Base_SetConfig
                0x08000f90       0x64 .pio/build/genericSTM32F103C8/SrcWrapper/src/HAL/stm32yyxx_hal_tim.c.o
                0x08000f90                TIM_Base_SetConfig
 .text.HAL_TIM_Base_Init
                0x08000ff4       0x58 .pio/build/genericSTM32F103C8/SrcWrapper/src/HAL/stm32yyxx_hal_tim.c.o
                0x08000ff4                HAL_TIM_Base_Init
 .text.TIM_CCxChannelCmd
                0x0800104c       0x1c .pio/build/genericSTM32F103C8/SrcWrapper/src/HAL/stm32yyxx_hal_tim.c.o
                0x0800104c                TIM_CCxChannelCmd
 .text.HAL_TIM_OC_Start
                0x08001068       0x98 .pio/build/genericSTM32F103C8/SrcWrapper/src/HAL/stm32yyxx_hal_tim.c.o
                0x08001068                HAL_TIM_OC_Start
 .text.HAL_TIM_PWM_Start
                0x08001100        0x4 .pio/build/genericSTM32F103C8/SrcWrapper/src/HAL/stm32yyxx_hal_tim.c.o
                0x08001100                HAL_TIM_PWM_Start
 .text.HAL_TIM_IC_Start
                0x08001104       0xd0 .pio/build/genericSTM32F103C8/SrcWrapper/src/HAL/stm32yyxx_hal_tim.c.o
                0x08001104                HAL_TIM_IC_Start
 .text.TIM_CCxNChannelCmd
                0x080011d4       0x1c .pio/build/genericSTM32F103C8/SrcWrapper/src/HAL/stm32yyxx_hal_tim_ex.c.o
 .text.HAL_TIMEx_OCN_Start
                0x080011f0       0x94 .pio/build/genericSTM32F103C8/SrcWrapper/src/HAL/stm32yyxx_hal_tim_ex.c.o
                0x080011f0                HAL_TIMEx_OCN_Start
 .text.HAL_TIMEx_PWMN_Start
                0x08001284        0x4 .pio/build/genericSTM32F103C8/SrcWrapper/src/HAL/stm32yyxx_hal_tim_ex.c.o
                0x08001284                HAL_TIMEx_PWMN_Start
 .text.HAL_TIMEx_CommutCallback
                0x08001288        0x2 .pio/build/genericSTM32F103C8/SrcWrapper/src/HAL/stm32yyxx_hal_tim_ex.c.o
                0x08001288                HAL_TIMEx_CommutCallback
 .text.HAL_TIMEx_BreakCallback
                0x0800128a        0x2 .pio/build/genericSTM32F103C8/SrcWrapper/src/HAL/stm32yyxx_hal_tim_ex.c.o
                0x0800128a                HAL_TIMEx_BreakCallback
 .text.UART_EndRxTransfer
                0x0800128c       0x5c .pio/build/genericSTM32F103C8/SrcWrapper/src/HAL/stm32yyxx_hal_uart.c.o
 .text.UART_SetConfig
                0x080012e8       0x74 .pio/build/genericSTM32F103C8/SrcWrapper/src/HAL/stm32yyxx_hal_uart.c.o
 .text.HAL_UART_MspInit
                0x0800135c        0x2 .pio/build/genericSTM32F103C8/SrcWrapper/src/HAL/stm32yyxx_hal_uart.c.o
                0x0800135c                HAL_UART_MspInit
 .text.HAL_UART_Init
                0x0800135e       0x5e .pio/build/genericSTM32F103C8/SrcWrapper/src/HAL/stm32yyxx_hal_uart.c.o
                0x0800135e                HAL_UART_Init
 .text.HAL_HalfDuplex_Init
                0x080013bc       0x66 .pio/build/genericSTM32F103C8/SrcWrapper/src/HAL/stm32yyxx_hal_uart.c.o
                0x080013bc                HAL_HalfDuplex_Init
 .text.HAL_UART_Transmit_IT
                0x08001422       0x32 .pio/build/genericSTM32F103C8/SrcWrapper/src/HAL/stm32yyxx_hal_uart.c.o
                0x08001422                HAL_UART_Transmit_IT
 .text.UART_DMAAbortOnError
                0x08001454       0x10 .pio/build/genericSTM32F103C8/SrcWrapper/src/HAL/stm32yyxx_hal_uart.c.o
 .text.HAL_UARTEx_RxEventCallback
                0x08001464        0x2 .pio/build/genericSTM32F103C8/SrcWrapper/src/HAL/stm32yyxx_hal_uart.c.o
                0x08001464                HAL_UARTEx_RxEventCallback
 .text.UART_Receive_IT.isra.0
                0x08001466       0xb6 .pio/build/genericSTM32F103C8/SrcWrapper/src/HAL/stm32yyxx_hal_uart.c.o
 .text.HAL_UART_IRQHandler
                0x0800151c      0x2d8 .pio/build/genericSTM32F103C8/SrcWrapper/src/HAL/stm32yyxx_hal_uart.c.o
                0x0800151c                HAL_UART_IRQHandler
 .text.HAL_HalfDuplex_EnableTransmitter
                0x080017f4       0x30 .pio/build/genericSTM32F103C8/SrcWrapper/src/HAL/stm32yyxx_hal_uart.c.o
                0x080017f4                HAL_HalfDuplex_EnableTransmitter
 .text.HAL_HalfDuplex_EnableReceiver
                0x08001824       0x30 .pio/build/genericSTM32F103C8/SrcWrapper/src/HAL/stm32yyxx_hal_uart.c.o
                0x08001824                HAL_HalfDuplex_EnableReceiver
 .text.HAL_UART_GetState
                0x08001854        0xc .pio/build/genericSTM32F103C8/SrcWrapper/src/HAL/stm32yyxx_hal_uart.c.o
                0x08001854                HAL_UART_GetState
 .text.UART_Start_Receive_IT
                0x08001860       0x32 .pio/build/genericSTM32F103C8/SrcWrapper/src/HAL/stm32yyxx_hal_uart.c.o
                0x08001860                UART_Start_Receive_IT
 .text.HAL_UART_Receive_IT
                0x08001892       0x22 .pio/build/genericSTM32F103C8/SrcWrapper/src/HAL/stm32yyxx_hal_uart.c.o
                0x08001892                HAL_UART_Receive_IT
 .text._ZNSt8functionIFvvEEaSEDn.isra.0
                0x080018b4       0x16 .pio/build/genericSTM32F103C8/SrcWrapper/src/HardwareTimer.cpp.o
 .text._ZNSt14_Function_baseD2Ev
                0x080018ca       0x12 .pio/build/genericSTM32F103C8/SrcWrapper/src/HardwareTimer.cpp.o
                0x080018ca                std::_Function_base::~_Function_base()
                0x080018ca                std::_Function_base::~_Function_base()
 .text._ZN13HardwareTimer5pauseEv
                0x080018dc       0x62 .pio/build/genericSTM32F103C8/SrcWrapper/src/HardwareTimer.cpp.o
                0x080018dc                HardwareTimer::pause()
 .text._ZN13HardwareTimer10getChannelEm
                0x0800193e        0xe .pio/build/genericSTM32F103C8/SrcWrapper/src/HardwareTimer.cpp.o
                0x0800193e                HardwareTimer::getChannel(unsigned long)
 .text._ZN13HardwareTimer12getLLChannelEm
                0x0800194c       0x44 .pio/build/genericSTM32F103C8/SrcWrapper/src/HardwareTimer.cpp.o
                0x0800194c                HardwareTimer::getLLChannel(unsigned long)
 .text._ZN13HardwareTimer5getITEm
                0x08001990       0x14 .pio/build/genericSTM32F103C8/SrcWrapper/src/HardwareTimer.cpp.o
                0x08001990                HardwareTimer::getIT(unsigned long)
 .text._ZN13HardwareTimer20getAssociatedChannelEm
                0x080019a4       0x14 .pio/build/genericSTM32F103C8/SrcWrapper/src/HardwareTimer.cpp.o
                0x080019a4                HardwareTimer::getAssociatedChannel(unsigned long)
 .text._ZN13HardwareTimer13resumeChannelEm
                0x080019b8       0xf6 .pio/build/genericSTM32F103C8/SrcWrapper/src/HardwareTimer.cpp.o
                0x080019b8                HardwareTimer::resumeChannel(unsigned long)
 .text._ZN13HardwareTimer6resumeEv
                0x08001aae       0x4c .pio/build/genericSTM32F103C8/SrcWrapper/src/HardwareTimer.cpp.o
                0x08001aae                HardwareTimer::resume()
 .text._ZN13HardwareTimer7refreshEv
                0x08001afa        0x8 .pio/build/genericSTM32F103C8/SrcWrapper/src/HardwareTimer.cpp.o
                0x08001afa                HardwareTimer::refresh()
 .text._ZN13HardwareTimer9isRunningEv
                0x08001b02        0xa .pio/build/genericSTM32F103C8/SrcWrapper/src/HardwareTimer.cpp.o
                0x08001b02                HardwareTimer::isRunning()
 .text._ZN13HardwareTimer27updateRegistersIfNotRunningEP11TIM_TypeDef
                0x08001b0c       0x3a .pio/build/genericSTM32F103C8/SrcWrapper/src/HardwareTimer.cpp.o
                0x08001b0c                HardwareTimer::updateRegistersIfNotRunning(TIM_TypeDef*)
 *fill*         0x08001b46        0x2 
 .text._Z15get_timer_indexP11TIM_TypeDef
                0x08001b48       0x34 .pio/build/genericSTM32F103C8/SrcWrapper/src/HardwareTimer.cpp.o
                0x08001b48                get_timer_index(TIM_TypeDef*)
 .text._ZN13HardwareTimerD2Ev
                0x08001b7c       0x40 .pio/build/genericSTM32F103C8/SrcWrapper/src/HardwareTimer.cpp.o
                0x08001b7c                HardwareTimer::~HardwareTimer()
                0x08001b7c                HardwareTimer::~HardwareTimer()
 .text._ZN13HardwareTimer5setupEP11TIM_TypeDef
                0x08001bbc       0x84 .pio/build/genericSTM32F103C8/SrcWrapper/src/HardwareTimer.cpp.o
                0x08001bbc                HardwareTimer::setup(TIM_TypeDef*)
 .text._ZN13HardwareTimer15getTimerClkFreqEv
                0x08001c40       0x58 .pio/build/genericSTM32F103C8/SrcWrapper/src/HardwareTimer.cpp.o
                0x08001c40                HardwareTimer::getTimerClkFreq()
 .text._ZN13HardwareTimer11setOverflowEm13TimerFormat_t
                0x08001c98       0x4c .pio/build/genericSTM32F103C8/SrcWrapper/src/HardwareTimer.cpp.o
                0x08001c98                HardwareTimer::setOverflow(unsigned long, TimerFormat_t)
 .text._ZN13HardwareTimer17timerHandleDeinitEv
                0x08001ce4       0x16 .pio/build/genericSTM32F103C8/SrcWrapper/src/HardwareTimer.cpp.o
                0x08001ce4                HardwareTimer::timerHandleDeinit()
 *fill*         0x08001cfa        0x2 
 .text.TIM1_UP_IRQHandler
                0x08001cfc       0x14 .pio/build/genericSTM32F103C8/SrcWrapper/src/HardwareTimer.cpp.o
                0x08001cfc                TIM1_UP_IRQHandler
 .text.TIM1_CC_IRQHandler
                0x08001d10        0x4 .pio/build/genericSTM32F103C8/SrcWrapper/src/HardwareTimer.cpp.o
                0x08001d10                TIM1_CC_IRQHandler
 .text.TIM2_IRQHandler
                0x08001d14       0x14 .pio/build/genericSTM32F103C8/SrcWrapper/src/HardwareTimer.cpp.o
                0x08001d14                TIM2_IRQHandler
 .text.TIM3_IRQHandler
                0x08001d28       0x14 .pio/build/genericSTM32F103C8/SrcWrapper/src/HardwareTimer.cpp.o
                0x08001d28                TIM3_IRQHandler
 .text.TIM4_IRQHandler
                0x08001d3c       0x14 .pio/build/genericSTM32F103C8/SrcWrapper/src/HardwareTimer.cpp.o
                0x08001d3c                TIM4_IRQHandler
 .text._ZNSt8functionIFvvEEC2Ev
                0x08001d50        0xc .pio/build/genericSTM32F103C8/SrcWrapper/src/HardwareTimer.cpp.o
                0x08001d50                std::function<void ()>::function()
                0x08001d50                std::function<void ()>::function()
 .text._ZN13HardwareTimerC2EP11TIM_TypeDef
                0x08001d5c       0x2a .pio/build/genericSTM32F103C8/SrcWrapper/src/HardwareTimer.cpp.o
                0x08001d5c                HardwareTimer::HardwareTimer(TIM_TypeDef*)
                0x08001d5c                HardwareTimer::HardwareTimer(TIM_TypeDef*)
 .text._ZNSt8functionIFvvEEC2ERKS1_
                0x08001d86       0x24 .pio/build/genericSTM32F103C8/SrcWrapper/src/HardwareTimer.cpp.o
                0x08001d86                std::function<void ()>::function(std::function<void ()> const&)
                0x08001d86                std::function<void ()>::function(std::function<void ()> const&)
 .text._ZNSt8functionIFvvEEaSERKS1_.isra.0
                0x08001daa       0x42 .pio/build/genericSTM32F103C8/SrcWrapper/src/HardwareTimer.cpp.o
 .text._ZN13HardwareTimer15attachInterruptESt8functionIFvvEE
                0x08001dec       0x2e .pio/build/genericSTM32F103C8/SrcWrapper/src/HardwareTimer.cpp.o
                0x08001dec                HardwareTimer::attachInterrupt(std::function<void ()>)
 .text._ZNKSt8functionIFvvEEclEv
                0x08001e1a       0x12 .pio/build/genericSTM32F103C8/SrcWrapper/src/HardwareTimer.cpp.o
                0x08001e1a                std::function<void ()>::operator()() const
 .text._ZN13HardwareTimer14updateCallbackEP17TIM_HandleTypeDef
                0x08001e2c       0x18 .pio/build/genericSTM32F103C8/SrcWrapper/src/HardwareTimer.cpp.o
                0x08001e2c                HardwareTimer::updateCallback(TIM_HandleTypeDef*)
 .text.HAL_TIM_PeriodElapsedCallback
                0x08001e44        0x4 .pio/build/genericSTM32F103C8/SrcWrapper/src/HardwareTimer.cpp.o
                0x08001e44                HAL_TIM_PeriodElapsedCallback
 .text._ZN13HardwareTimer22captureCompareCallbackEP17TIM_HandleTypeDef
                0x08001e48       0x3e .pio/build/genericSTM32F103C8/SrcWrapper/src/HardwareTimer.cpp.o
                0x08001e48                HardwareTimer::captureCompareCallback(TIM_HandleTypeDef*)
 .text.HAL_TIM_OC_DelayElapsedCallback
                0x08001e86        0x4 .pio/build/genericSTM32F103C8/SrcWrapper/src/HardwareTimer.cpp.o
                0x08001e86                HAL_TIM_OC_DelayElapsedCallback
 .text.HAL_TIM_IC_CaptureCallback
                0x08001e8a        0x4 .pio/build/genericSTM32F103C8/SrcWrapper/src/HardwareTimer.cpp.o
                0x08001e8a                HAL_TIM_IC_CaptureCallback
 .text._Znwj    0x08001e8e        0x4 .pio/build/genericSTM32F103C8/SrcWrapper/src/new.cpp.o
                0x08001e8e                operator new(unsigned int)
 .text._ZdlPvj  0x08001e92        0x4 .pio/build/genericSTM32F103C8/SrcWrapper/src/new.cpp.o
                0x08001e92                operator delete(void*, unsigned int)
 *fill*         0x08001e96        0x2 
 .text.set_GPIO_Port_Clock
                0x08001e98       0xa8 .pio/build/genericSTM32F103C8/SrcWrapper/src/stm32/PortNames.c.o
                0x08001e98                set_GPIO_Port_Clock
 .text.pwm_stop
                0x08001f40       0x5c .pio/build/genericSTM32F103C8/SrcWrapper/src/stm32/analog.cpp.o
                0x08001f40                pwm_stop
 .text.getCurrentMillis
                0x08001f9c        0x4 .pio/build/genericSTM32F103C8/SrcWrapper/src/stm32/clock.c.o
                0x08001f9c                getCurrentMillis
 .text.noOsSystickHandler
                0x08001fa0        0x2 .pio/build/genericSTM32F103C8/SrcWrapper/src/stm32/clock.c.o
                0x08001fa0                osSystickHandler
                0x08001fa0                noOsSystickHandler
 .text.SysTick_Handler
                0x08001fa2       0x10 .pio/build/genericSTM32F103C8/SrcWrapper/src/stm32/clock.c.o
                0x08001fa2                SysTick_Handler
 .text.configHSECapacitorTuning
                0x08001fb2        0x2 .pio/build/genericSTM32F103C8/SrcWrapper/src/stm32/clock.c.o
                0x08001fb2                configHSECapacitorTuning
 .text.configIPClock
                0x08001fb4       0x44 .pio/build/genericSTM32F103C8/SrcWrapper/src/stm32/clock.c.o
                0x08001fb4                configIPClock
 .text.dwt_init
                0x08001ff8       0x3c .pio/build/genericSTM32F103C8/SrcWrapper/src/stm32/dwt.c.o
                0x08001ff8                dwt_init
 .text.hw_config_init
                0x08002034       0x24 .pio/build/genericSTM32F103C8/SrcWrapper/src/stm32/hw_config.c.o
                0x08002034                hw_config_init
 .text._ZNSt17_Function_handlerIFvvEPS0_E10_M_managerERSt9_Any_dataRKS3_St18_Manager_operation
                0x08002058       0x20 .pio/build/genericSTM32F103C8/SrcWrapper/src/stm32/interrupt.cpp.o
                0x08002058                std::_Function_handler<void (), void (*)()>::_M_manager(std::_Any_data&, std::_Any_data const&, std::_Manager_operation)
 .text._ZNSt17_Function_handlerIFvvEPS0_E9_M_invokeERKSt9_Any_data
                0x08002078        0x4 .pio/build/genericSTM32F103C8/SrcWrapper/src/stm32/interrupt.cpp.o
                0x08002078                std::_Function_handler<void (), void (*)()>::_M_invoke(std::_Any_data const&)
 .text.startup._ZNSt8functionIFvvEEC2EDn.constprop.0.isra.0
                0x0800207c        0xc .pio/build/genericSTM32F103C8/SrcWrapper/src/stm32/interrupt.cpp.o
 .text.HAL_GPIO_EXTI_Callback
                0x08002088       0x2c .pio/build/genericSTM32F103C8/SrcWrapper/src/stm32/interrupt.cpp.o
                0x08002088                HAL_GPIO_EXTI_Callback
 .text.EXTI0_IRQHandler
                0x080020b4        0x6 .pio/build/genericSTM32F103C8/SrcWrapper/src/stm32/interrupt.cpp.o
                0x080020b4                EXTI0_IRQHandler
 .text.EXTI1_IRQHandler
                0x080020ba        0x6 .pio/build/genericSTM32F103C8/SrcWrapper/src/stm32/interrupt.cpp.o
                0x080020ba                EXTI1_IRQHandler
 .text.EXTI2_IRQHandler
                0x080020c0        0x6 .pio/build/genericSTM32F103C8/SrcWrapper/src/stm32/interrupt.cpp.o
                0x080020c0                EXTI2_IRQHandler
 .text.EXTI3_IRQHandler
                0x080020c6        0x6 .pio/build/genericSTM32F103C8/SrcWrapper/src/stm32/interrupt.cpp.o
                0x080020c6                EXTI3_IRQHandler
 .text.EXTI4_IRQHandler
                0x080020cc        0x6 .pio/build/genericSTM32F103C8/SrcWrapper/src/stm32/interrupt.cpp.o
                0x080020cc                EXTI4_IRQHandler
 .text.EXTI9_5_IRQHandler
                0x080020d2       0x16 .pio/build/genericSTM32F103C8/SrcWrapper/src/stm32/interrupt.cpp.o
                0x080020d2                EXTI9_5_IRQHandler
 .text.EXTI15_10_IRQHandler
                0x080020e8       0x18 .pio/build/genericSTM32F103C8/SrcWrapper/src/stm32/interrupt.cpp.o
                0x080020e8                EXTI15_10_IRQHandler
 .text.startup._GLOBAL__sub_I__Z22stm32_interrupt_enableP12GPIO_TypeDeftSt8functionIFvvEEm
                0x08002100       0xd8 .pio/build/genericSTM32F103C8/SrcWrapper/src/stm32/interrupt.cpp.o
 .text.exit._GLOBAL__sub_D__Z22stm32_interrupt_enableP12GPIO_TypeDeftSt8functionIFvvEEm
                0x080021d8       0x1c .pio/build/genericSTM32F103C8/SrcWrapper/src/stm32/interrupt.cpp.o
 .text.pin_SetF1AFPin
                0x080021f4      0x1f8 .pio/build/genericSTM32F103C8/SrcWrapper/src/stm32/pinmap.c.o
 .text.LL_GPIO_SetPinMode
                0x080023ec       0x2c .pio/build/genericSTM32F103C8/SrcWrapper/src/stm32/pinmap.c.o
 .text.LL_GPIO_SetPinOutputType
                0x08002418       0x2c .pio/build/genericSTM32F103C8/SrcWrapper/src/stm32/pinmap.c.o
 .text.pin_in_pinmap
                0x08002444       0x1e .pio/build/genericSTM32F103C8/SrcWrapper/src/stm32/pinmap.c.o
                0x08002444                pin_in_pinmap
 *fill*         0x08002462        0x2 
 .text.pin_function
                0x08002464      0x18c .pio/build/genericSTM32F103C8/SrcWrapper/src/stm32/pinmap.c.o
                0x08002464                pin_function
 .text.pinmap_pinout
                0x080025f0       0x1a .pio/build/genericSTM32F103C8/SrcWrapper/src/stm32/pinmap.c.o
                0x080025f0                pinmap_pinout
 .text.pinmap_find_peripheral
                0x0800260a       0x16 .pio/build/genericSTM32F103C8/SrcWrapper/src/stm32/pinmap.c.o
                0x0800260a                pinmap_find_peripheral
 .text.pinmap_peripheral
                0x08002620        0xc .pio/build/genericSTM32F103C8/SrcWrapper/src/stm32/pinmap.c.o
                0x08002620                pinmap_peripheral
 .text.pinmap_find_pin
                0x0800262c       0x16 .pio/build/genericSTM32F103C8/SrcWrapper/src/stm32/pinmap.c.o
                0x0800262c                pinmap_find_pin
 .text.pinmap_pin
                0x08002642        0xc .pio/build/genericSTM32F103C8/SrcWrapper/src/stm32/pinmap.c.o
                0x08002642                pinmap_pin
 .text.pinmap_merge_peripheral
                0x0800264e       0x14 .pio/build/genericSTM32F103C8/SrcWrapper/src/stm32/pinmap.c.o
                0x0800264e                pinmap_merge_peripheral
 *fill*         0x08002662        0x2 
 .text.SystemInit
                0x08002664       0x4c .pio/build/genericSTM32F103C8/SrcWrapper/src/stm32/system_stm32yyxx.c.o
                0x08002664                SystemInit
 .text.get_timer_obj
                0x080026b0        0x4 .pio/build/genericSTM32F103C8/SrcWrapper/src/stm32/timer.c.o
                0x080026b0                get_timer_obj
 .text.enableTimerClock
                0x080026b4       0x88 .pio/build/genericSTM32F103C8/SrcWrapper/src/stm32/timer.c.o
                0x080026b4                enableTimerClock
 .text.disableTimerClock
                0x0800273c       0x5c .pio/build/genericSTM32F103C8/SrcWrapper/src/stm32/timer.c.o
                0x0800273c                disableTimerClock
 .text.getTimerUpIrq
                0x08002798       0x40 .pio/build/genericSTM32F103C8/SrcWrapper/src/stm32/timer.c.o
                0x08002798                getTimerUpIrq
 .text.getTimerCCIrq
                0x080027d8       0x40 .pio/build/genericSTM32F103C8/SrcWrapper/src/stm32/timer.c.o
                0x080027d8                getTimerCCIrq
 .text.HAL_TIM_Base_MspInit
                0x08002818       0x4e .pio/build/genericSTM32F103C8/SrcWrapper/src/stm32/timer.c.o
                0x08002818                HAL_TIM_Base_MspInit
 .text.HAL_TIM_Base_MspDeInit
                0x08002866       0x20 .pio/build/genericSTM32F103C8/SrcWrapper/src/stm32/timer.c.o
                0x08002866                HAL_TIM_Base_MspDeInit
 *fill*         0x08002886        0x2 
 .text.getTimerClkSrc
                0x08002888       0x34 .pio/build/genericSTM32F103C8/SrcWrapper/src/stm32/timer.c.o
                0x08002888                getTimerClkSrc
 .text.uart_init.part.0
                0x080028bc      0x1bc .pio/build/genericSTM32F103C8/SrcWrapper/src/stm32/uart.c.o
 .text.uart_init
                0x08002a78       0x12 .pio/build/genericSTM32F103C8/SrcWrapper/src/stm32/uart.c.o
                0x08002a78                uart_init
 *fill*         0x08002a8a        0x2 
 .text.serial_rx_active
                0x08002a8c       0x24 .pio/build/genericSTM32F103C8/SrcWrapper/src/stm32/uart.c.o
                0x08002a8c                serial_rx_active
 .text.serial_tx_active
                0x08002ab0       0x24 .pio/build/genericSTM32F103C8/SrcWrapper/src/stm32/uart.c.o
                0x08002ab0                serial_tx_active
 .text.uart_getc
                0x08002ad4       0x38 .pio/build/genericSTM32F103C8/SrcWrapper/src/stm32/uart.c.o
                0x08002ad4                uart_getc
 .text.uart_attach_rx_callback
                0x08002b0c       0x40 .pio/build/genericSTM32F103C8/SrcWrapper/src/stm32/uart.c.o
                0x08002b0c                uart_attach_rx_callback
 .text.uart_attach_tx_callback
                0x08002b4c       0x40 .pio/build/genericSTM32F103C8/SrcWrapper/src/stm32/uart.c.o
                0x08002b4c                uart_attach_tx_callback
 .text.uart_enable_tx
                0x08002b8c       0x1c .pio/build/genericSTM32F103C8/SrcWrapper/src/stm32/uart.c.o
                0x08002b8c                uart_enable_tx
 .text.uart_enable_rx
                0x08002ba8       0x1c .pio/build/genericSTM32F103C8/SrcWrapper/src/stm32/uart.c.o
                0x08002ba8                uart_enable_rx
 .text.HAL_UART_RxCpltCallback
                0x08002bc4        0x6 .pio/build/genericSTM32F103C8/SrcWrapper/src/stm32/uart.c.o
                0x08002bc4                HAL_UART_RxCpltCallback
 .text.HAL_UART_TxCpltCallback
                0x08002bca        0x6 .pio/build/genericSTM32F103C8/SrcWrapper/src/stm32/uart.c.o
                0x08002bca                HAL_UART_TxCpltCallback
 .text.HAL_UART_ErrorCallback
                0x08002bd0       0x7c .pio/build/genericSTM32F103C8/SrcWrapper/src/stm32/uart.c.o
                0x08002bd0                HAL_UART_ErrorCallback
 .text.USART1_IRQHandler
                0x08002c4c       0x18 .pio/build/genericSTM32F103C8/SrcWrapper/src/stm32/uart.c.o
                0x08002c4c                USART1_IRQHandler
 .text.USART2_IRQHandler
                0x08002c64       0x1c .pio/build/genericSTM32F103C8/SrcWrapper/src/stm32/uart.c.o
                0x08002c64                USART2_IRQHandler
 .text.USART3_IRQHandler
                0x08002c80       0x1c .pio/build/genericSTM32F103C8/SrcWrapper/src/stm32/uart.c.o
                0x08002c80                USART3_IRQHandler
 .text._sbrk    0x08002c9c       0x3c .pio/build/genericSTM32F103C8/SrcWrapper/src/syscalls.c.o
                0x08002c9c                _sbrk
 .text._exit    0x08002cd8        0x2 .pio/build/genericSTM32F103C8/SrcWrapper/src/syscalls.c.o
                0x08002cd8                _exit
 *fill*         0x08002cda        0x2 
 .text._kill    0x08002cdc       0x10 .pio/build/genericSTM32F103C8/SrcWrapper/src/syscalls.c.o
                0x08002cdc                _kill
 .text._getpid  0x08002cec        0x4 .pio/build/genericSTM32F103C8/SrcWrapper/src/syscalls.c.o
                0x08002cec                _getpid
 .text._ZN5Print17availableForWriteEv
                0x08002cf0        0x4 .pio/build/genericSTM32F103C8/src/main.cpp.o
                0x08002cf0                Print::availableForWrite()
 .text._ZN10StreamFileI7FatFilemE4peekEv
                0x08002cf4        0x6 .pio/build/genericSTM32F103C8/src/main.cpp.o
                0x08002cf4                StreamFile<FatFile, unsigned long>::peek()
 .text._ZN10StreamFileI7FatFilemE4readEv
                0x08002cfa       0x20 .pio/build/genericSTM32F103C8/src/main.cpp.o
                0x08002cfa                StreamFile<FatFile, unsigned long>::read()
 .text._ZN10StreamFileI7FatFilemE5flushEv
                0x08002d1a        0x6 .pio/build/genericSTM32F103C8/src/main.cpp.o
                0x08002d1a                StreamFile<FatFile, unsigned long>::flush()
 .text._ZN10StreamFileI7FatFilemE5writeEPKhj
                0x08002d20        0x6 .pio/build/genericSTM32F103C8/src/main.cpp.o
                0x08002d20                StreamFile<FatFile, unsigned long>::write(unsigned char const*, unsigned int)
 .text._ZN10StreamFileI7FatFilemE5writeEh
                0x08002d26       0x18 .pio/build/genericSTM32F103C8/src/main.cpp.o
                0x08002d26                StreamFile<FatFile, unsigned long>::write(unsigned char)
 .text._ZNK7FatFile9availableEv
                0x08002d3e       0x18 .pio/build/genericSTM32F103C8/src/main.cpp.o
                0x08002d3e                FatFile::available() const
 .text._ZN10StreamFileI7FatFilemE9availableEv
                0x08002d56        0xa .pio/build/genericSTM32F103C8/src/main.cpp.o
                0x08002d56                StreamFile<FatFile, unsigned long>::available()
 .text._ZN6File32C2Ev
                0x08002d60       0x18 .pio/build/genericSTM32F103C8/src/main.cpp.o
                0x08002d60                File32::File32()
                0x08002d60                File32::File32()
 .text._Z3LEDb  0x08002d78        0xc .pio/build/genericSTM32F103C8/src/main.cpp.o
                0x08002d78                LED(bool)
 .text.setup    0x08002d84      0x404 .pio/build/genericSTM32F103C8/src/main.cpp.o
                0x08002d84                setup
 .text.loop     0x08003188       0x3c .pio/build/genericSTM32F103C8/src/main.cpp.o
                0x08003188                loop
 .text.startup._GLOBAL__sub_I_on_off
                0x080031c4       0x7c .pio/build/genericSTM32F103C8/src/main.cpp.o
 .text.exit._GLOBAL__sub_D_on_off
                0x08003240        0xc .pio/build/genericSTM32F103C8/src/main.cpp.o
 .text._ZN8SPIClassC2Emmmm
                0x0800324c      0x128 .pio/build/genericSTM32F103C8/liba48/libSPI.a(SPI.cpp.o)
                0x0800324c                SPIClass::SPIClass(unsigned long, unsigned long, unsigned long, unsigned long)
                0x0800324c                SPIClass::SPIClass(unsigned long, unsigned long, unsigned long, unsigned long)
 .text._ZN8SPIClass5beginEv
                0x08003374       0x20 .pio/build/genericSTM32F103C8/liba48/libSPI.a(SPI.cpp.o)
                0x08003374                SPIClass::begin()
 .text._ZN8SPIClass16beginTransactionE11SPISettings
                0x08003394       0x42 .pio/build/genericSTM32F103C8/liba48/libSPI.a(SPI.cpp.o)
                0x08003394                SPIClass::beginTransaction(SPISettings)
 .text._ZN8SPIClass14endTransactionEv
                0x080033d6        0x2 .pio/build/genericSTM32F103C8/liba48/libSPI.a(SPI.cpp.o)
                0x080033d6                SPIClass::endTransaction()
 .text._ZN8SPIClass3endEv
                0x080033d8        0x4 .pio/build/genericSTM32F103C8/liba48/libSPI.a(SPI.cpp.o)
                0x080033d8                SPIClass::end()
 .text._ZN8SPIClass8transferEhb
                0x080033dc       0x24 .pio/build/genericSTM32F103C8/liba48/libSPI.a(SPI.cpp.o)
                0x080033dc                SPIClass::transfer(unsigned char, bool)
 .text._ZN8SPIClass8transferEPvjb
                0x08003400        0xe .pio/build/genericSTM32F103C8/liba48/libSPI.a(SPI.cpp.o)
                0x08003400                SPIClass::transfer(void*, unsigned int, bool)
 .text._ZN8SPIClass8transferEPKvPvj
                0x0800340e        0x6 .pio/build/genericSTM32F103C8/liba48/libSPI.a(SPI.cpp.o)
                0x0800340e                SPIClass::transfer(void const*, void*, unsigned int)
 .text.startup._GLOBAL__sub_I_SPI
                0x08003414       0x1c .pio/build/genericSTM32F103C8/liba48/libSPI.a(SPI.cpp.o)
 .text.LL_GPIO_SetPinMode
                0x08003430       0x2c .pio/build/genericSTM32F103C8/liba48/libSPI.a(spi_com.c.o)
 .text.spi_getClkFreqInst
                0x0800345c       0x2c .pio/build/genericSTM32F103C8/liba48/libSPI.a(spi_com.c.o)
                0x0800345c                spi_getClkFreqInst
 .text.spi_init
                0x08003488      0x268 .pio/build/genericSTM32F103C8/liba48/libSPI.a(spi_com.c.o)
                0x08003488                spi_init
 .text.spi_deinit
                0x080036f0       0x5c .pio/build/genericSTM32F103C8/liba48/libSPI.a(spi_com.c.o)
                0x080036f0                spi_deinit
 .text.spi_transfer
                0x0800374c       0x5e .pio/build/genericSTM32F103C8/liba48/libSPI.a(spi_com.c.o)
                0x0800374c                spi_transfer
 .text._ZN12FatPartition9cacheSyncEv
                0x080037aa       0x26 .pio/build/genericSTM32F103C8/lib7f4/libSdFat - Adafruit Fork.a(FatFile.cpp.o)
                0x080037aa                FatPartition::cacheSync()
 .text._ZN7FatFile10addClusterEv
                0x080037d0       0x36 .pio/build/genericSTM32F103C8/lib7f4/libSdFat - Adafruit Fork.a(FatFile.cpp.o)
                0x080037d0                FatFile::addCluster()
 *fill*         0x08003806        0x2 
 .text._ZN7FatFile13addDirClusterEv
                0x08003808       0x70 .pio/build/genericSTM32F103C8/lib7f4/libSdFat - Adafruit Fork.a(FatFile.cpp.o)
                0x08003808                FatFile::addDirCluster()
 .text._ZN7FatFile13cacheDirEntryEh
                0x08003878       0x1e .pio/build/genericSTM32F103C8/lib7f4/libSdFat - Adafruit Fork.a(FatFile.cpp.o)
                0x08003878                FatFile::cacheDirEntry(unsigned char)
 .text._ZN7FatFile8openRootEP9FatVolume
                0x08003896       0x32 .pio/build/genericSTM32F103C8/lib7f4/libSdFat - Adafruit Fork.a(FatFile.cpp.o)
                0x08003896                FatFile::openRoot(FatVolume*)
 .text._ZN7FatFile4readEPvj
                0x080038c8      0x178 .pio/build/genericSTM32F103C8/lib7f4/libSdFat - Adafruit Fork.a(FatFile.cpp.o)
                0x080038c8                FatFile::read(void*, unsigned int)
 .text._ZN7FatFile4peekEv
                0x08003a40       0x26 .pio/build/genericSTM32F103C8/lib7f4/libSdFat - Adafruit Fork.a(FatFile.cpp.o)
                0x08003a40                FatFile::peek()
 .text._ZN7FatFile12readDirCacheEb
                0x08003a66       0x3e .pio/build/genericSTM32F103C8/lib7f4/libSdFat - Adafruit Fork.a(FatFile.cpp.o)
                0x08003a66                FatFile::readDirCache(bool)
 .text._ZN7FatFile7seekSetEm
                0x08003aa4       0xa0 .pio/build/genericSTM32F103C8/lib7f4/libSdFat - Adafruit Fork.a(FatFile.cpp.o)
                0x08003aa4                FatFile::seekSet(unsigned long)
 .text._ZN7FatFile15openCachedEntryEPS_tih
                0x08003b44       0xc8 .pio/build/genericSTM32F103C8/lib7f4/libSdFat - Adafruit Fork.a(FatFile.cpp.o)
                0x08003b44                FatFile::openCachedEntry(FatFile*, unsigned short, int, unsigned char)
 .text._ZN7FatFile4syncEv
                0x08003c0c       0x84 .pio/build/genericSTM32F103C8/lib7f4/libSdFat - Adafruit Fork.a(FatFile.cpp.o)
                0x08003c0c                FatFile::sync()
 .text._ZN7FatFile5closeEv
                0x08003c90       0x10 .pio/build/genericSTM32F103C8/lib7f4/libSdFat - Adafruit Fork.a(FatFile.cpp.o)
                0x08003c90                FatFile::close()
 .text._ZN7FatFile4openEPS_PKci
                0x08003ca0       0x9e .pio/build/genericSTM32F103C8/lib7f4/libSdFat - Adafruit Fork.a(FatFile.cpp.o)
                0x08003ca0                FatFile::open(FatFile*, char const*, int)
 .text._ZN7FatFile4openEP9FatVolumePKci
                0x08003d3e        0xe .pio/build/genericSTM32F103C8/lib7f4/libSdFat - Adafruit Fork.a(FatFile.cpp.o)
                0x08003d3e                FatFile::open(FatVolume*, char const*, int)
 .text._ZN7FatFile5writeEPKvj
                0x08003d4c      0x1a4 .pio/build/genericSTM32F103C8/lib7f4/libSdFat - Adafruit Fork.a(FatFile.cpp.o)
                0x08003d4c                FatFile::write(void const*, unsigned int)
 .text._ZN7FatFile11lfnChecksumEPh.isra.0
                0x08003ef0       0x1e .pio/build/genericSTM32F103C8/lib7f4/libSdFat - Adafruit Fork.a(FatFileLFN.cpp.o)
 .text._ZN7FatFile8cacheDirEt
                0x08003f0e       0x1a .pio/build/genericSTM32F103C8/lib7f4/libSdFat - Adafruit Fork.a(FatFileLFN.cpp.o)
                0x08003f0e                FatFile::cacheDir(unsigned short)
 .text._ZN7FatFile7cmpNameEtP8FatLfn_th
                0x08003f28       0x98 .pio/build/genericSTM32F103C8/lib7f4/libSdFat - Adafruit Fork.a(FatFileLFN.cpp.o)
                0x08003f28                FatFile::cmpName(unsigned short, FatLfn_t*, unsigned char)
 .text._ZN7FatFile9createLFNEtP8FatLfn_th
                0x08003fc0       0xde .pio/build/genericSTM32F103C8/lib7f4/libSdFat - Adafruit Fork.a(FatFileLFN.cpp.o)
                0x08003fc0                FatFile::createLFN(unsigned short, FatLfn_t*, unsigned char)
 .text._ZN7FatFile7makeSFNEP8FatLfn_t
                0x0800409e      0x128 .pio/build/genericSTM32F103C8/lib7f4/libSdFat - Adafruit Fork.a(FatFileLFN.cpp.o)
                0x0800409e                FatFile::makeSFN(FatLfn_t*)
 .text._ZN7FatFile13makeUniqueSfnEP8FatLfn_t
                0x080041c6       0x92 .pio/build/genericSTM32F103C8/lib7f4/libSdFat - Adafruit Fork.a(FatFileLFN.cpp.o)
                0x080041c6                FatFile::makeUniqueSfn(FatLfn_t*)
 .text._ZN7FatFile4openEPS_P8FatLfn_ti
                0x08004258      0x294 .pio/build/genericSTM32F103C8/lib7f4/libSdFat - Adafruit Fork.a(FatFileLFN.cpp.o)
                0x08004258                FatFile::open(FatFile*, FatLfn_t*, int)
 .text._ZN7FatFile13parsePathNameEPKcP8FatLfn_tPS1_
                0x080044ec       0xac .pio/build/genericSTM32F103C8/lib7f4/libSdFat - Adafruit Fork.a(FatFileLFN.cpp.o)
                0x080044ec                FatFile::parsePathName(char const*, FatLfn_t*, char const**)
 .text._ZN7FatFile10getLfnCharEP8DirLfn_th
                0x08004598       0x28 .pio/build/genericSTM32F103C8/lib7f4/libSdFat - Adafruit Fork.a(FatName.cpp.o)
                0x08004598                FatFile::getLfnChar(DirLfn_t*, unsigned char)
 .text._ZN12FatPartition15fatCachePrepareEmh
                0x080045c0       0x12 .pio/build/genericSTM32F103C8/lib7f4/libSdFat - Adafruit Fork.a(FatPartition.cpp.o)
                0x080045c0                FatPartition::fatCachePrepare(unsigned long, unsigned char)
 .text._ZN12FatPartition6fatGetEmPm
                0x080045d2       0xc0 .pio/build/genericSTM32F103C8/lib7f4/libSdFat - Adafruit Fork.a(FatPartition.cpp.o)
                0x080045d2                FatPartition::fatGet(unsigned long, unsigned long*)
 .text._ZN12FatPartition6fatPutEmm
                0x08004692       0xd0 .pio/build/genericSTM32F103C8/lib7f4/libSdFat - Adafruit Fork.a(FatPartition.cpp.o)
                0x08004692                FatPartition::fatPut(unsigned long, unsigned long)
 .text._ZN12FatPartition15allocateClusterEmPm
                0x08004762       0x78 .pio/build/genericSTM32F103C8/lib7f4/libSdFat - Adafruit Fork.a(FatPartition.cpp.o)
                0x08004762                FatPartition::allocateCluster(unsigned long, unsigned long*)
 .text._ZN12FatPartition9freeChainEm
                0x080047da       0x3a .pio/build/genericSTM32F103C8/lib7f4/libSdFat - Adafruit Fork.a(FatPartition.cpp.o)
                0x080047da                FatPartition::freeChain(unsigned long)
 .text._ZN12FatPartition4initEP22FsBlockDeviceInterfacehm
                0x08004814      0x112 .pio/build/genericSTM32F103C8/lib7f4/libSdFat - Adafruit Fork.a(FatPartition.cpp.o)
                0x08004814                FatPartition::init(FsBlockDeviceInterface*, unsigned char, unsigned long)
 .text._ZN22FsBlockDeviceInterface10syncBlocksEv
                0x08004926        0x6 .pio/build/genericSTM32F103C8/lib7f4/libSdFat - Adafruit Fork.a(SdSpiCard.cpp.o)
                0x08004926                FsBlockDeviceInterface::syncBlocks()
 .text._ZN22FsBlockDeviceInterface9readBlockEmPh
                0x0800492c        0x6 .pio/build/genericSTM32F103C8/lib7f4/libSdFat - Adafruit Fork.a(SdSpiCard.cpp.o)
                0x0800492c                FsBlockDeviceInterface::readBlock(unsigned long, unsigned char*)
 .text._ZN22FsBlockDeviceInterface10readBlocksEmPhj
                0x08004932        0xc .pio/build/genericSTM32F103C8/lib7f4/libSdFat - Adafruit Fork.a(SdSpiCard.cpp.o)
                0x08004932                FsBlockDeviceInterface::readBlocks(unsigned long, unsigned char*, unsigned int)
 .text._ZN22FsBlockDeviceInterface10writeBlockEmPKh
                0x0800493e        0x6 .pio/build/genericSTM32F103C8/lib7f4/libSdFat - Adafruit Fork.a(SdSpiCard.cpp.o)
                0x0800493e                FsBlockDeviceInterface::writeBlock(unsigned long, unsigned char const*)
 .text._ZN22FsBlockDeviceInterface11writeBlocksEmPKhj
                0x08004944        0xc .pio/build/genericSTM32F103C8/lib7f4/libSdFat - Adafruit Fork.a(SdSpiCard.cpp.o)
                0x08004944                FsBlockDeviceInterface::writeBlocks(unsigned long, unsigned char const*, unsigned int)
 .text._ZN16DedicatedSpiCard10readSectorEmPh
                0x08004950        0xe .pio/build/genericSTM32F103C8/lib7f4/libSdFat - Adafruit Fork.a(SdSpiCard.cpp.o)
                0x08004950                DedicatedSpiCard::readSector(unsigned long, unsigned char*)
 .text._ZN16DedicatedSpiCardD2Ev
                0x0800495e        0x2 .pio/build/genericSTM32F103C8/lib7f4/libSdFat - Adafruit Fork.a(SdSpiCard.cpp.o)
                0x0800495e                DedicatedSpiCard::~DedicatedSpiCard()
                0x0800495e                DedicatedSpiCard::~DedicatedSpiCard()
 .text._ZN16DedicatedSpiCardD0Ev
                0x08004960        0xe .pio/build/genericSTM32F103C8/lib7f4/libSdFat - Adafruit Fork.a(SdSpiCard.cpp.o)
                0x08004960                DedicatedSpiCard::~DedicatedSpiCard()
 .text._ZN13SharedSpiCard8spiStartEv
                0x0800496e       0x2a .pio/build/genericSTM32F103C8/lib7f4/libSdFat - Adafruit Fork.a(SdSpiCard.cpp.o)
                0x0800496e                SharedSpiCard::spiStart()
 .text._ZN13SharedSpiCard7spiStopEv
                0x08004998       0x26 .pio/build/genericSTM32F103C8/lib7f4/libSdFat - Adafruit Fork.a(SdSpiCard.cpp.o)
                0x08004998                SharedSpiCard::spiStop()
 .text._ZN13SharedSpiCard3endEv
                0x080049be       0x18 .pio/build/genericSTM32F103C8/lib7f4/libSdFat - Adafruit Fork.a(SdSpiCard.cpp.o)
                0x080049be                SharedSpiCard::end()
 .text._ZN13SharedSpiCard6isBusyEv
                0x080049d6       0x40 .pio/build/genericSTM32F103C8/lib7f4/libSdFat - Adafruit Fork.a(SdSpiCard.cpp.o)
                0x080049d6                SharedSpiCard::isBusy()
 .text._ZN13SharedSpiCard8readDataEPhj
                0x08004a16       0x66 .pio/build/genericSTM32F103C8/lib7f4/libSdFat - Adafruit Fork.a(SdSpiCard.cpp.o)
                0x08004a16                SharedSpiCard::readData(unsigned char*, unsigned int)
 .text._ZN13SharedSpiCard8readDataEPh
                0x08004a7c        0x8 .pio/build/genericSTM32F103C8/lib7f4/libSdFat - Adafruit Fork.a(SdSpiCard.cpp.o)
                0x08004a7c                SharedSpiCard::readData(unsigned char*)
 .text._ZN13SharedSpiCard9waitReadyEt
                0x08004a84       0x2c .pio/build/genericSTM32F103C8/lib7f4/libSdFat - Adafruit Fork.a(SdSpiCard.cpp.o)
                0x08004a84                SharedSpiCard::waitReady(unsigned short)
 .text._ZN13SharedSpiCard11cardCommandEhm
                0x08004ab0       0x86 .pio/build/genericSTM32F103C8/lib7f4/libSdFat - Adafruit Fork.a(SdSpiCard.cpp.o)
                0x08004ab0                SharedSpiCard::cardCommand(unsigned char, unsigned long)
 .text._ZN13SharedSpiCard8cardAcmdEhm
                0x08004b36       0x1e .pio/build/genericSTM32F103C8/lib7f4/libSdFat - Adafruit Fork.a(SdSpiCard.cpp.o)
                0x08004b36                SharedSpiCard::cardAcmd(unsigned char, unsigned long)
 .text._ZN13SharedSpiCard5beginE11SdSpiConfig
                0x08004b54      0x178 .pio/build/genericSTM32F103C8/lib7f4/libSdFat - Adafruit Fork.a(SdSpiCard.cpp.o)
                0x08004b54                SharedSpiCard::begin(SdSpiConfig)
 .text._ZN13SharedSpiCard12readRegisterEhPv
                0x08004ccc       0x36 .pio/build/genericSTM32F103C8/lib7f4/libSdFat - Adafruit Fork.a(SdSpiCard.cpp.o)
                0x08004ccc                SharedSpiCard::readRegister(unsigned char, void*)
 .text._ZN13SharedSpiCard11sectorCountEv
                0x08004d02       0x78 .pio/build/genericSTM32F103C8/lib7f4/libSdFat - Adafruit Fork.a(SdSpiCard.cpp.o)
                0x08004d02                SharedSpiCard::sectorCount()
 .text._ZN13SharedSpiCard9readStartEm
                0x08004d7a       0x2a .pio/build/genericSTM32F103C8/lib7f4/libSdFat - Adafruit Fork.a(SdSpiCard.cpp.o)
                0x08004d7a                SharedSpiCard::readStart(unsigned long)
 .text._ZN13SharedSpiCard8readStopEv
                0x08004da4       0x2a .pio/build/genericSTM32F103C8/lib7f4/libSdFat - Adafruit Fork.a(SdSpiCard.cpp.o)
                0x08004da4                SharedSpiCard::readStop()
 .text._ZN16DedicatedSpiCard11readSectorsEmPhj
                0x08004dce       0x54 .pio/build/genericSTM32F103C8/lib7f4/libSdFat - Adafruit Fork.a(SdSpiCard.cpp.o)
                0x08004dce                DedicatedSpiCard::readSectors(unsigned long, unsigned char*, unsigned int)
 .text._ZN13SharedSpiCard9writeDataEhPKh
                0x08004e22       0x4c .pio/build/genericSTM32F103C8/lib7f4/libSdFat - Adafruit Fork.a(SdSpiCard.cpp.o)
                0x08004e22                SharedSpiCard::writeData(unsigned char, unsigned char const*)
 .text._ZN13SharedSpiCard9writeDataEPKh
                0x08004e6e       0x2e .pio/build/genericSTM32F103C8/lib7f4/libSdFat - Adafruit Fork.a(SdSpiCard.cpp.o)
                0x08004e6e                SharedSpiCard::writeData(unsigned char const*)
 .text._ZN13SharedSpiCard11writeSectorEmPKh
                0x08004e9c       0x6c .pio/build/genericSTM32F103C8/lib7f4/libSdFat - Adafruit Fork.a(SdSpiCard.cpp.o)
                0x08004e9c                SharedSpiCard::writeSector(unsigned long, unsigned char const*)
 .text._ZN16DedicatedSpiCard11writeSectorEmPKh
                0x08004f08       0x18 .pio/build/genericSTM32F103C8/lib7f4/libSdFat - Adafruit Fork.a(SdSpiCard.cpp.o)
                0x08004f08                DedicatedSpiCard::writeSector(unsigned long, unsigned char const*)
 .text._ZN13SharedSpiCard10writeStartEm
                0x08004f20       0x2c .pio/build/genericSTM32F103C8/lib7f4/libSdFat - Adafruit Fork.a(SdSpiCard.cpp.o)
                0x08004f20                SharedSpiCard::writeStart(unsigned long)
 .text._ZN13SharedSpiCard9writeStopEv
                0x08004f4c       0x32 .pio/build/genericSTM32F103C8/lib7f4/libSdFat - Adafruit Fork.a(SdSpiCard.cpp.o)
                0x08004f4c                SharedSpiCard::writeStop()
 .text._ZN13SharedSpiCard10syncDeviceEv
                0x08004f7e       0x16 .pio/build/genericSTM32F103C8/lib7f4/libSdFat - Adafruit Fork.a(SdSpiCard.cpp.o)
                0x08004f7e                SharedSpiCard::syncDevice()
 .text._ZN16DedicatedSpiCard12writeSectorsEmPKhj
                0x08004f94       0x54 .pio/build/genericSTM32F103C8/lib7f4/libSdFat - Adafruit Fork.a(SdSpiCard.cpp.o)
                0x08004f94                DedicatedSpiCard::writeSectors(unsigned long, unsigned char const*, unsigned int)
 .text._ZN16DedicatedSpiCard5beginE11SdSpiConfig
                0x08004fe8       0x24 .pio/build/genericSTM32F103C8/lib7f4/libSdFat - Adafruit Fork.a(SdSpiCard.cpp.o)
                0x08004fe8                DedicatedSpiCard::begin(SdSpiConfig)
 .text._Z8sdCsInith
                0x0800500c        0x6 .pio/build/genericSTM32F103C8/lib7f4/libSdFat - Adafruit Fork.a(SdSpiChipSelect.cpp.o)
                0x0800500c                sdCsInit(unsigned char)
 .text._Z9sdCsWritehb
                0x08005012        0x4 .pio/build/genericSTM32F103C8/lib7f4/libSdFat - Adafruit Fork.a(SdSpiChipSelect.cpp.o)
                0x08005012                sdCsWrite(unsigned char, bool)
 .text._ZN18SdSpiArduinoDriver8activateEv
                0x08005016        0xa .pio/build/genericSTM32F103C8/lib7f4/libSdFat - Adafruit Fork.a(SdSpiSTM32Core.cpp.o)
                0x08005016                SdSpiArduinoDriver::activate()
 .text._ZN18SdSpiArduinoDriver5beginE11SdSpiConfig
                0x08005020       0x20 .pio/build/genericSTM32F103C8/lib7f4/libSdFat - Adafruit Fork.a(SdSpiSTM32Core.cpp.o)
                0x08005020                SdSpiArduinoDriver::begin(SdSpiConfig)
 .text._ZN18SdSpiArduinoDriver10deactivateEv
                0x08005040        0x6 .pio/build/genericSTM32F103C8/lib7f4/libSdFat - Adafruit Fork.a(SdSpiSTM32Core.cpp.o)
                0x08005040                SdSpiArduinoDriver::deactivate()
 .text._ZN18SdSpiArduinoDriver3endEv
                0x08005046        0x6 .pio/build/genericSTM32F103C8/lib7f4/libSdFat - Adafruit Fork.a(SdSpiSTM32Core.cpp.o)
                0x08005046                SdSpiArduinoDriver::end()
 .text._ZN18SdSpiArduinoDriver7receiveEv
                0x0800504c        0xa .pio/build/genericSTM32F103C8/lib7f4/libSdFat - Adafruit Fork.a(SdSpiSTM32Core.cpp.o)
                0x0800504c                SdSpiArduinoDriver::receive()
 .text._ZN18SdSpiArduinoDriver7receiveEPhj
                0x08005056       0x20 .pio/build/genericSTM32F103C8/lib7f4/libSdFat - Adafruit Fork.a(SdSpiSTM32Core.cpp.o)
                0x08005056                SdSpiArduinoDriver::receive(unsigned char*, unsigned int)
 .text._ZN18SdSpiArduinoDriver4sendEh
                0x08005076        0x8 .pio/build/genericSTM32F103C8/lib7f4/libSdFat - Adafruit Fork.a(SdSpiSTM32Core.cpp.o)
                0x08005076                SdSpiArduinoDriver::send(unsigned char)
 .text._ZN18SdSpiArduinoDriver4sendEPKhj
                0x0800507e       0x1e .pio/build/genericSTM32F103C8/lib7f4/libSdFat - Adafruit Fork.a(SdSpiSTM32Core.cpp.o)
                0x0800507e                SdSpiArduinoDriver::send(unsigned char const*, unsigned int)
 .text._ZN7FsCache4syncEv
                0x0800509c       0x46 .pio/build/genericSTM32F103C8/lib7f4/libSdFat - Adafruit Fork.a(FsCache.cpp.o)
                0x0800509c                FsCache::sync()
 .text._ZN7FsCache7prepareEmh
                0x080050e2       0x4c .pio/build/genericSTM32F103C8/lib7f4/libSdFat - Adafruit Fork.a(FsCache.cpp.o)
                0x080050e2                FsCache::prepare(unsigned long, unsigned char)
 .text._ZN6FsName5get16Ev
                0x0800512e       0x48 .pio/build/genericSTM32F103C8/lib7f4/libSdFat - Adafruit Fork.a(FsName.cpp.o)
                0x0800512e                FsName::get16()
 *fill*         0x08005176        0x2 
 .text._ZN5FsUtf6mbToCpEPKcS1_Pm
                0x08005178       0x88 .pio/build/genericSTM32F103C8/lib7f4/libSdFat - Adafruit Fork.a(FsUtf.cpp.o)
                0x08005178                FsUtf::mbToCp(char const*, char const*, unsigned long*)
 .text._Z8toUpcaset
                0x08005200       0xa8 .pio/build/genericSTM32F103C8/lib7f4/libSdFat - Adafruit Fork.a(upcase.cpp.o)
                0x08005200                toUpcase(unsigned short)
 .text.eeprom_buffer_fill
                0x080052a8       0x18 .pio/build/genericSTM32F103C8/liba5d/libEEPROM.a(stm32_eeprom.c.o)
                0x080052a8                eeprom_buffer_fill
 .text.eeprom_read_byte
                0x080052c0       0x14 .pio/build/genericSTM32F103C8/liba5d/libEEPROM.a(stm32_eeprom.c.o)
                0x080052c0                eeprom_read_byte
 .text.eeprom_buffer_flush
                0x080052d4       0x5c .pio/build/genericSTM32F103C8/liba5d/libEEPROM.a(stm32_eeprom.c.o)
                0x080052d4                eeprom_buffer_flush
 .text.eeprom_write_byte
                0x08005330        0xc .pio/build/genericSTM32F103C8/liba5d/libEEPROM.a(stm32_eeprom.c.o)
                0x08005330                eeprom_write_byte
 .text._ZN14HardwareSerial9availableEv
                0x0800533c       0x10 .pio/build/genericSTM32F103C8/libFrameworkArduino.a(HardwareSerial.cpp.o)
                0x0800533c                HardwareSerial::available()
 .text._ZN14HardwareSerial4peekEv
                0x0800534c       0x1a .pio/build/genericSTM32F103C8/libFrameworkArduino.a(HardwareSerial.cpp.o)
                0x0800534c                HardwareSerial::peek()
 .text._ZN14HardwareSerial17availableForWriteEv
                0x08005366       0x1c .pio/build/genericSTM32F103C8/libFrameworkArduino.a(HardwareSerial.cpp.o)
                0x08005366                HardwareSerial::availableForWrite()
 .text._ZN14HardwareSerial5writeEh
                0x08005382       0x18 .pio/build/genericSTM32F103C8/libFrameworkArduino.a(HardwareSerial.cpp.o)
                0x08005382                HardwareSerial::write(unsigned char)
 .text._ZN14HardwareSerial16_rx_complete_irqEP8serial_s
                0x0800539a       0x36 .pio/build/genericSTM32F103C8/libFrameworkArduino.a(HardwareSerial.cpp.o)
                0x0800539a                HardwareSerial::_rx_complete_irq(serial_s*)
 .text._ZN14HardwareSerial16_tx_complete_irqEP8serial_s
                0x080053d0       0x60 .pio/build/genericSTM32F103C8/libFrameworkArduino.a(HardwareSerial.cpp.o)
                0x080053d0                HardwareSerial::_tx_complete_irq(serial_s*)
 .text._ZN14HardwareSerial5writeEPKhj
                0x08005430       0xe4 .pio/build/genericSTM32F103C8/libFrameworkArduino.a(HardwareSerial.cpp.o)
                0x08005430                HardwareSerial::write(unsigned char const*, unsigned int)
 .text._ZN14HardwareSerial4initE7PinNameS0_S0_S0_
                0x08005514       0x32 .pio/build/genericSTM32F103C8/libFrameworkArduino.a(HardwareSerial.cpp.o)
                0x08005514                HardwareSerial::init(PinName, PinName, PinName, PinName)
 .text._ZN14HardwareSerial5flushEm
                0x08005546       0x36 .pio/build/genericSTM32F103C8/libFrameworkArduino.a(HardwareSerial.cpp.o)
                0x08005546                HardwareSerial::flush(unsigned long)
 .text._ZN14HardwareSerial5flushEv
                0x0800557c        0x6 .pio/build/genericSTM32F103C8/libFrameworkArduino.a(HardwareSerial.cpp.o)
                0x0800557c                HardwareSerial::flush()
 *fill*         0x08005582        0x2 
 .text._ZN14HardwareSerial5setRxEm
                0x08005584       0x48 .pio/build/genericSTM32F103C8/libFrameworkArduino.a(HardwareSerial.cpp.o)
                0x08005584                HardwareSerial::setRx(unsigned long)
 .text._ZN14HardwareSerial5setTxEm
                0x080055cc       0x48 .pio/build/genericSTM32F103C8/libFrameworkArduino.a(HardwareSerial.cpp.o)
                0x080055cc                HardwareSerial::setTx(unsigned long)
 .text._ZN14HardwareSerialC2EPv16HalfDuplexMode_t
                0x08005614       0x9c .pio/build/genericSTM32F103C8/libFrameworkArduino.a(HardwareSerial.cpp.o)
                0x08005614                HardwareSerial::HardwareSerial(void*, HalfDuplexMode_t)
                0x08005614                HardwareSerial::HardwareSerial(void*, HalfDuplexMode_t)
 .text._ZN14HardwareSerial18enableHalfDuplexRxEv
                0x080056b0       0x2c .pio/build/genericSTM32F103C8/libFrameworkArduino.a(HardwareSerial.cpp.o)
                0x080056b0                HardwareSerial::enableHalfDuplexRx()
 .text._ZN14HardwareSerial5beginEmh
                0x080056dc       0x84 .pio/build/genericSTM32F103C8/libFrameworkArduino.a(HardwareSerial.cpp.o)
                0x080056dc                HardwareSerial::begin(unsigned long, unsigned char)
 .text._ZN14HardwareSerial4readEv
                0x08005760       0x2e .pio/build/genericSTM32F103C8/libFrameworkArduino.a(HardwareSerial.cpp.o)
                0x08005760                HardwareSerial::read()
 *fill*         0x0800578e        0x2 
 .text.startup._GLOBAL__sub_I_Serial2
                0x08005790       0x14 .pio/build/genericSTM32F103C8/libFrameworkArduino.a(HardwareSerial.cpp.o)
 .text._ZN5Print5writeEPKc
                0x080057a4       0x20 .pio/build/genericSTM32F103C8/libFrameworkArduino.a(Print.cpp.o)
                0x080057a4                Print::write(char const*)
 .text._ZN5Print5printERK6String
                0x080057c4        0xa .pio/build/genericSTM32F103C8/libFrameworkArduino.a(Print.cpp.o)
                0x080057c4                Print::print(String const&)
 *fill*         0x080057ce        0x2 
 .text._ZN5Print7printlnEv
                0x080057d0       0x10 .pio/build/genericSTM32F103C8/libFrameworkArduino.a(Print.cpp.o)
                0x080057d0                Print::println()
 .text._ZN5Print7printlnEPK19__FlashStringHelper
                0x080057e0       0x14 .pio/build/genericSTM32F103C8/libFrameworkArduino.a(Print.cpp.o)
                0x080057e0                Print::println(__FlashStringHelper const*)
 .text._ZN5Print7printlnERK6String
                0x080057f4       0x14 .pio/build/genericSTM32F103C8/libFrameworkArduino.a(Print.cpp.o)
                0x080057f4                Print::println(String const&)
 .text._ZN5Print7printlnEPKc
                0x08005808        0x4 .pio/build/genericSTM32F103C8/libFrameworkArduino.a(Print.cpp.o)
                0x08005808                Print::println(char const*)
 .text._ZN6Stream9timedReadEv
                0x0800580c       0x2a .pio/build/genericSTM32F103C8/libFrameworkArduino.a(Stream.cpp.o)
                0x0800580c                Stream::timedRead()
 .text._ZN6Stream9readBytesEPcj
                0x08005836       0x22 .pio/build/genericSTM32F103C8/libFrameworkArduino.a(Stream.cpp.o)
                0x08005836                Stream::readBytes(char*, unsigned int)
 .text._ZN6Stream14readBytesUntilEcPcj
                0x08005858       0x30 .pio/build/genericSTM32F103C8/libFrameworkArduino.a(Stream.cpp.o)
                0x08005858                Stream::readBytesUntil(char, char*, unsigned int)
 .text._ZN6Stream15readStringUntilEc
                0x08005888       0x30 .pio/build/genericSTM32F103C8/libFrameworkArduino.a(Stream.cpp.o)
                0x08005888                Stream::readStringUntil(char)
 .text._ZL25tonePeriodElapsedCallbackv
                0x080058b8       0x54 .pio/build/genericSTM32F103C8/libFrameworkArduino.a(Tone.cpp.o)
 .text._Z4tonehjm
                0x0800590c      0x100 .pio/build/genericSTM32F103C8/libFrameworkArduino.a(Tone.cpp.o)
                0x0800590c                tone(unsigned char, unsigned int, unsigned long)
 .text._Z6noTonehb
                0x08005a0c       0x8c .pio/build/genericSTM32F103C8/libFrameworkArduino.a(Tone.cpp.o)
                0x08005a0c                noTone(unsigned char, bool)
 .text._ZN6StringD2Ev
                0x08005a98        0xe .pio/build/genericSTM32F103C8/libFrameworkArduino.a(WString.cpp.o)
                0x08005a98                String::~String()
                0x08005a98                String::~String()
 .text._ZN6String10invalidateEv
                0x08005aa6       0x16 .pio/build/genericSTM32F103C8/libFrameworkArduino.a(WString.cpp.o)
                0x08005aa6                String::invalidate()
 .text._ZN6String12changeBufferEj
                0x08005abc       0x18 .pio/build/genericSTM32F103C8/libFrameworkArduino.a(WString.cpp.o)
                0x08005abc                String::changeBuffer(unsigned int)
 .text._ZN6String7reserveEj
                0x08005ad4       0x22 .pio/build/genericSTM32F103C8/libFrameworkArduino.a(WString.cpp.o)
                0x08005ad4                String::reserve(unsigned int)
 .text._ZN6String4copyEPKcj
                0x08005af6       0x26 .pio/build/genericSTM32F103C8/libFrameworkArduino.a(WString.cpp.o)
                0x08005af6                String::copy(char const*, unsigned int)
 .text._ZN6StringC2EPKc
                0x08005b1c       0x24 .pio/build/genericSTM32F103C8/libFrameworkArduino.a(WString.cpp.o)
                0x08005b1c                String::String(char const*)
                0x08005b1c                String::String(char const*)
 .text._ZN6StringaSERKS_
                0x08005b40       0x1e .pio/build/genericSTM32F103C8/libFrameworkArduino.a(WString.cpp.o)
                0x08005b40                String::operator=(String const&)
 .text._ZN6StringC2ERKS_
                0x08005b5e       0x14 .pio/build/genericSTM32F103C8/libFrameworkArduino.a(WString.cpp.o)
                0x08005b5e                String::String(String const&)
                0x08005b5e                String::String(String const&)
 .text._ZN6StringaSEPKc
                0x08005b72       0x22 .pio/build/genericSTM32F103C8/libFrameworkArduino.a(WString.cpp.o)
                0x08005b72                String::operator=(char const*)
 .text._ZN6StringC2Eih
                0x08005b94       0x24 .pio/build/genericSTM32F103C8/libFrameworkArduino.a(WString.cpp.o)
                0x08005b94                String::String(int, unsigned char)
                0x08005b94                String::String(int, unsigned char)
 .text._ZN6String6concatEPKcj
                0x08005bb8       0x2e .pio/build/genericSTM32F103C8/libFrameworkArduino.a(WString.cpp.o)
                0x08005bb8                String::concat(char const*, unsigned int)
 .text._ZN6String6concatEc
                0x08005be6       0x1a .pio/build/genericSTM32F103C8/libFrameworkArduino.a(WString.cpp.o)
                0x08005be6                String::concat(char)
 .text._ZplRK15StringSumHelperRK6String
                0x08005c00       0x18 .pio/build/genericSTM32F103C8/libFrameworkArduino.a(WString.cpp.o)
                0x08005c00                operator+(StringSumHelper const&, String const&)
 .text._ZplRK15StringSumHelperPKc
                0x08005c18       0x28 .pio/build/genericSTM32F103C8/libFrameworkArduino.a(WString.cpp.o)
                0x08005c18                operator+(StringSumHelper const&, char const*)
 .text._ZNK6String6equalsEPKc
                0x08005c40       0x24 .pio/build/genericSTM32F103C8/libFrameworkArduino.a(WString.cpp.o)
                0x08005c40                String::equals(char const*) const
 .text._ZNK6String16equalsIgnoreCaseERKS_
                0x08005c64       0x36 .pio/build/genericSTM32F103C8/libFrameworkArduino.a(WString.cpp.o)
                0x08005c64                String::equalsIgnoreCase(String const&) const
 .text._ZNK6String10startsWithERKS_j
                0x08005c9a       0x2c .pio/build/genericSTM32F103C8/libFrameworkArduino.a(WString.cpp.o)
                0x08005c9a                String::startsWith(String const&, unsigned int) const
 .text._ZNK6String10startsWithERKS_
                0x08005cc6       0x12 .pio/build/genericSTM32F103C8/libFrameworkArduino.a(WString.cpp.o)
                0x08005cc6                String::startsWith(String const&) const
 .text._ZNK6String7indexOfEcj
                0x08005cd8       0x1c .pio/build/genericSTM32F103C8/libFrameworkArduino.a(WString.cpp.o)
                0x08005cd8                String::indexOf(char, unsigned int) const
 .text._ZNK6String7indexOfEc
                0x08005cf4        0x6 .pio/build/genericSTM32F103C8/libFrameworkArduino.a(WString.cpp.o)
                0x08005cf4                String::indexOf(char) const
 *fill*         0x08005cfa        0x2 
 .text._ZNK6String9substringEjj
                0x08005cfc       0x50 .pio/build/genericSTM32F103C8/libFrameworkArduino.a(WString.cpp.o)
                0x08005cfc                String::substring(unsigned int, unsigned int) const
 .text._ZN6String4trimEv
                0x08005d4c       0x50 .pio/build/genericSTM32F103C8/libFrameworkArduino.a(WString.cpp.o)
                0x08005d4c                String::trim()
 .text._ZNK6String5toIntEv
                0x08005d9c        0xa .pio/build/genericSTM32F103C8/libFrameworkArduino.a(WString.cpp.o)
                0x08005d9c                String::toInt() const
 .text.ltoa     0x08005da6       0x80 .pio/build/genericSTM32F103C8/libFrameworkArduino.a(itoa.c.o)
                0x08005da6                ltoa
 .text.itoa     0x08005e26        0x4 .pio/build/genericSTM32F103C8/libFrameworkArduino.a(itoa.c.o)
                0x08005e26                itoa
 .text.startup._Z7premainv
                0x08005e2a       0x10 .pio/build/genericSTM32F103C8/libFrameworkArduino.a(main.cpp.o)
                0x08005e2a                premain()
 .text.startup.main
                0x08005e3a       0x14 .pio/build/genericSTM32F103C8/libFrameworkArduino.a(main.cpp.o)
                0x08005e3a                main
 *fill*         0x08005e4e        0x2 
 .text.pinMode  0x08005e50       0xbc .pio/build/genericSTM32F103C8/libFrameworkArduino.a(wiring_digital.c.o)
                0x08005e50                pinMode
 .text.digitalWrite
                0x08005f0c       0x74 .pio/build/genericSTM32F103C8/libFrameworkArduino.a(wiring_digital.c.o)
                0x08005f0c                digitalWrite
 .text.digitalRead
                0x08005f80       0x6c .pio/build/genericSTM32F103C8/libFrameworkArduino.a(wiring_digital.c.o)
                0x08005f80                digitalRead
 .text.millis   0x08005fec        0x4 .pio/build/genericSTM32F103C8/libFrameworkArduino.a(wiring_time.c.o)
                0x08005fec                millis
 .text.delay    0x08005ff0       0x1c .pio/build/genericSTM32F103C8/libFrameworkArduino.a(wiring_time.c.o)
                0x08005ff0                delay
 .text._Z14serialEventRunv
                0x0800600c       0x1c .pio/build/genericSTM32F103C8/libFrameworkArduino.a(WSerial.cpp.o)
                0x0800600c                serialEventRun()
 .text.init     0x08006028        0x4 .pio/build/genericSTM32F103C8/libFrameworkArduino.a(board.c.o)
                0x08006028                init
 .text.__empty  0x0800602c        0x2 .pio/build/genericSTM32F103C8/libFrameworkArduino.a(hooks.c.o)
                0x0800602c                yield
 .text.unlikely._ZSt25__throw_bad_function_callv
                0x0800602e        0x6 c:/users/admin/.platformio/packages/toolchain-gccarmnoneeabi/bin/../lib/gcc/arm-none-eabi/12.3.1/../../../../arm-none-eabi/lib/thumb/v7-m/nofp\libstdc++_nano.a(functional.o)
                0x0800602e                std::__throw_bad_function_call()
 .text.abort    0x08006034        0xe c:/users/admin/.platformio/packages/toolchain-gccarmnoneeabi/bin/../lib/gcc/arm-none-eabi/12.3.1/../../../../arm-none-eabi/lib/thumb/v7-m/nofp\libc_nano.a(libc_a-abort.o)
                0x08006034                abort
 .text.atol     0x08006042        0x8 c:/users/admin/.platformio/packages/toolchain-gccarmnoneeabi/bin/../lib/gcc/arm-none-eabi/12.3.1/../../../../arm-none-eabi/lib/thumb/v7-m/nofp\libc_nano.a(libc_a-atol.o)
                0x08006042                atol
 *fill*         0x0800604a        0x2 
 .text.malloc   0x0800604c       0x10 c:/users/admin/.platformio/packages/toolchain-gccarmnoneeabi/bin/../lib/gcc/arm-none-eabi/12.3.1/../../../../arm-none-eabi/lib/thumb/v7-m/nofp\libc_nano.a(libc_a-malloc.o)
                0x0800604c                malloc
 .text.free     0x0800605c       0x10 c:/users/admin/.platformio/packages/toolchain-gccarmnoneeabi/bin/../lib/gcc/arm-none-eabi/12.3.1/../../../../arm-none-eabi/lib/thumb/v7-m/nofp\libc_nano.a(libc_a-malloc.o)
                0x0800605c                free
 .text.sbrk_aligned
                0x0800606c       0x44 c:/users/admin/.platformio/packages/toolchain-gccarmnoneeabi/bin/../lib/gcc/arm-none-eabi/12.3.1/../../../../arm-none-eabi/lib/thumb/v7-m/nofp\libc_nano.a(libc_a-mallocr.o)
 .text._malloc_r
                0x080060b0      0x100 c:/users/admin/.platformio/packages/toolchain-gccarmnoneeabi/bin/../lib/gcc/arm-none-eabi/12.3.1/../../../../arm-none-eabi/lib/thumb/v7-m/nofp\libc_nano.a(libc_a-mallocr.o)
                0x080060b0                _malloc_r
 .text.__malloc_lock
                0x080061b0        0xc c:/users/admin/.platformio/packages/toolchain-gccarmnoneeabi/bin/../lib/gcc/arm-none-eabi/12.3.1/../../../../arm-none-eabi/lib/thumb/v7-m/nofp\libc_nano.a(libc_a-mlock.o)
                0x080061b0                __malloc_lock
 .text.__malloc_unlock
                0x080061bc        0xc c:/users/admin/.platformio/packages/toolchain-gccarmnoneeabi/bin/../lib/gcc/arm-none-eabi/12.3.1/../../../../arm-none-eabi/lib/thumb/v7-m/nofp\libc_nano.a(libc_a-mlock.o)
                0x080061bc                __malloc_unlock
 .text.realloc  0x080061c8       0x10 c:/users/admin/.platformio/packages/toolchain-gccarmnoneeabi/bin/../lib/gcc/arm-none-eabi/12.3.1/../../../../arm-none-eabi/lib/thumb/v7-m/nofp\libc_nano.a(libc_a-realloc.o)
                0x080061c8                realloc
 .text._realloc_r
                0x080061d8       0x5c c:/users/admin/.platformio/packages/toolchain-gccarmnoneeabi/bin/../lib/gcc/arm-none-eabi/12.3.1/../../../../arm-none-eabi/lib/thumb/v7-m/nofp\libc_nano.a(libc_a-reallocr.o)
                0x080061d8                _realloc_r
 .text._strtol_l.constprop.0
                0x08006234       0xfc c:/users/admin/.platformio/packages/toolchain-gccarmnoneeabi/bin/../lib/gcc/arm-none-eabi/12.3.1/../../../../arm-none-eabi/lib/thumb/v7-m/nofp\libc_nano.a(libc_a-strtol.o)
 .text.strtol   0x08006330       0x14 c:/users/admin/.platformio/packages/toolchain-gccarmnoneeabi/bin/../lib/gcc/arm-none-eabi/12.3.1/../../../../arm-none-eabi/lib/thumb/v7-m/nofp\libc_nano.a(libc_a-strtol.o)
                0x08006330                strtol
 .text.isspace  0x08006344       0x10 c:/users/admin/.platformio/packages/toolchain-gccarmnoneeabi/bin/../lib/gcc/arm-none-eabi/12.3.1/../../../../arm-none-eabi/lib/thumb/v7-m/nofp\libc_nano.a(libc_a-isspace.o)
                0x08006344                isspace
 .text.tolower  0x08006354       0x14 c:/users/admin/.platformio/packages/toolchain-gccarmnoneeabi/bin/../lib/gcc/arm-none-eabi/12.3.1/../../../../arm-none-eabi/lib/thumb/v7-m/nofp\libc_nano.a(libc_a-tolower.o)
                0x08006354                tolower
 .text.memcmp   0x08006368       0x20 c:/users/admin/.platformio/packages/toolchain-gccarmnoneeabi/bin/../lib/gcc/arm-none-eabi/12.3.1/../../../../arm-none-eabi/lib/thumb/v7-m/nofp\libc_nano.a(libc_a-memcmp.o)
                0x08006368                memcmp
 .text.memset   0x08006388       0x10 c:/users/admin/.platformio/packages/toolchain-gccarmnoneeabi/bin/../lib/gcc/arm-none-eabi/12.3.1/../../../../arm-none-eabi/lib/thumb/v7-m/nofp\libc_nano.a(libc_a-memset.o)
                0x08006388                memset
 .text.strchr   0x08006398       0x1a c:/users/admin/.platformio/packages/toolchain-gccarmnoneeabi/bin/../lib/gcc/arm-none-eabi/12.3.1/../../../../arm-none-eabi/lib/thumb/v7-m/nofp\libc_nano.a(libc_a-strchr.o)
                0x08006398                strchr
 .text.strncmp  0x080063b2       0x24 c:/users/admin/.platformio/packages/toolchain-gccarmnoneeabi/bin/../lib/gcc/arm-none-eabi/12.3.1/../../../../arm-none-eabi/lib/thumb/v7-m/nofp\libc_nano.a(libc_a-strncmp.o)
                0x080063b2                strncmp
 .text._raise_r
                0x080063d6       0x50 c:/users/admin/.platformio/packages/toolchain-gccarmnoneeabi/bin/../lib/gcc/arm-none-eabi/12.3.1/../../../../arm-none-eabi/lib/thumb/v7-m/nofp\libc_nano.a(libc_a-signal.o)
                0x080063d6                _raise_r
 *fill*         0x08006426        0x2 
 .text.raise    0x08006428       0x10 c:/users/admin/.platformio/packages/toolchain-gccarmnoneeabi/bin/../lib/gcc/arm-none-eabi/12.3.1/../../../../arm-none-eabi/lib/thumb/v7-m/nofp\libc_nano.a(libc_a-signal.o)
                0x08006428                raise
 .text._kill_r  0x08006438       0x24 c:/users/admin/.platformio/packages/toolchain-gccarmnoneeabi/bin/../lib/gcc/arm-none-eabi/12.3.1/../../../../arm-none-eabi/lib/thumb/v7-m/nofp\libc_nano.a(libc_a-signalr.o)
                0x08006438                _kill_r
 .text._getpid_r
                0x0800645c        0x4 c:/users/admin/.platformio/packages/toolchain-gccarmnoneeabi/bin/../lib/gcc/arm-none-eabi/12.3.1/../../../../arm-none-eabi/lib/thumb/v7-m/nofp\libc_nano.a(libc_a-signalr.o)
                0x0800645c                _getpid_r
 .text._sbrk_r  0x08006460       0x20 c:/users/admin/.platformio/packages/toolchain-gccarmnoneeabi/bin/../lib/gcc/arm-none-eabi/12.3.1/../../../../arm-none-eabi/lib/thumb/v7-m/nofp\libc_nano.a(libc_a-sbrkr.o)
                0x08006460                _sbrk_r
 .text.__errno  0x08006480        0xc c:/users/admin/.platformio/packages/toolchain-gccarmnoneeabi/bin/../lib/gcc/arm-none-eabi/12.3.1/../../../../arm-none-eabi/lib/thumb/v7-m/nofp\libc_nano.a(libc_a-errno.o)
                0x08006480                __errno
 .text.__libc_init_array
                0x0800648c       0x48 c:/users/admin/.platformio/packages/toolchain-gccarmnoneeabi/bin/../lib/gcc/arm-none-eabi/12.3.1/../../../../arm-none-eabi/lib/thumb/v7-m/nofp\libc_nano.a(libc_a-init.o)
                0x0800648c                __libc_init_array
 .text.__retarget_lock_acquire_recursive
                0x080064d4        0x2 c:/users/admin/.platformio/packages/toolchain-gccarmnoneeabi/bin/../lib/gcc/arm-none-eabi/12.3.1/../../../../arm-none-eabi/lib/thumb/v7-m/nofp\libc_nano.a(libc_a-lock.o)
                0x080064d4                __retarget_lock_acquire_recursive
 .text.__retarget_lock_release_recursive
                0x080064d6        0x2 c:/users/admin/.platformio/packages/toolchain-gccarmnoneeabi/bin/../lib/gcc/arm-none-eabi/12.3.1/../../../../arm-none-eabi/lib/thumb/v7-m/nofp\libc_nano.a(libc_a-lock.o)
                0x080064d6                __retarget_lock_release_recursive
 .text.strcpy   0x080064d8       0x10 c:/users/admin/.platformio/packages/toolchain-gccarmnoneeabi/bin/../lib/gcc/arm-none-eabi/12.3.1/../../../../arm-none-eabi/lib/thumb/v7-m/nofp\libc_nano.a(libc_a-strcpy.o)
                0x080064d8                strcpy
 .text.memcpy   0x080064e8       0x1c c:/users/admin/.platformio/packages/toolchain-gccarmnoneeabi/bin/../lib/gcc/arm-none-eabi/12.3.1/../../../../arm-none-eabi/lib/thumb/v7-m/nofp\libc_nano.a(libc_a-memcpy-stub.o)
                0x080064e8                memcpy
 .text._free_r  0x08006504       0x90 c:/users/admin/.platformio/packages/toolchain-gccarmnoneeabi/bin/../lib/gcc/arm-none-eabi/12.3.1/../../../../arm-none-eabi/lib/thumb/v7-m/nofp\libc_nano.a(libc_a-freer.o)
                0x08006504                _free_r
 .text._malloc_usable_size_r
                0x08006594       0x10 c:/users/admin/.platformio/packages/toolchain-gccarmnoneeabi/bin/../lib/gcc/arm-none-eabi/12.3.1/../../../../arm-none-eabi/lib/thumb/v7-m/nofp\libc_nano.a(libc_a-msizer.o)
                0x08006594                _malloc_usable_size_r
 *(.glue_7)
 .glue_7        0x080065a4        0x0 linker stubs
 *(.glue_7t)
 .glue_7t       0x080065a4        0x0 linker stubs
 *(.eh_frame)
 .eh_frame      0x080065a4        0x0 c:/users/admin/.platformio/packages/toolchain-gccarmnoneeabi/bin/../lib/gcc/arm-none-eabi/12.3.1/thumb/v7-m/nofp/crtbegin.o
 *(.init)
 .init          0x080065a4        0x4 c:/users/admin/.platformio/packages/toolchain-gccarmnoneeabi/bin/../lib/gcc/arm-none-eabi/12.3.1/thumb/v7-m/nofp/crti.o
                0x080065a4                _init
 .init          0x080065a8        0x8 c:/users/admin/.platformio/packages/toolchain-gccarmnoneeabi/bin/../lib/gcc/arm-none-eabi/12.3.1/thumb/v7-m/nofp/crtn.o
 *(.fini)
 .fini          0x080065b0        0x4 c:/users/admin/.platformio/packages/toolchain-gccarmnoneeabi/bin/../lib/gcc/arm-none-eabi/12.3.1/thumb/v7-m/nofp/crti.o
                0x080065b0                _fini
 .fini          0x080065b4        0x8 c:/users/admin/.platformio/packages/toolchain-gccarmnoneeabi/bin/../lib/gcc/arm-none-eabi/12.3.1/thumb/v7-m/nofp/crtn.o
                0x080065bc                        . = ALIGN (0x4)
                0x080065bc                        _etext = .

.vfp11_veneer   0x080065bc        0x0
 .vfp11_veneer  0x080065bc        0x0 linker stubs

.v4_bx          0x080065bc        0x0
 .v4_bx         0x080065bc        0x0 linker stubs

.iplt           0x080065bc        0x0
 .iplt          0x080065bc        0x0 c:/users/admin/.platformio/packages/toolchain-gccarmnoneeabi/bin/../lib/gcc/arm-none-eabi/12.3.1/thumb/v7-m/nofp/crtbegin.o

.rodata         0x080065bc      0x920
                0x080065bc                        . = ALIGN (0x4)
 *(.rodata)
 *(.rodata*)
 .rodata.PinMap_SPI_SSEL
                0x080065bc       0x30 .pio/build/genericSTM32F103C8/FrameworkArduinoVariant/PeripheralPins.c.o
                0x080065bc                PinMap_SPI_SSEL
 .rodata.PinMap_SPI_SCLK
                0x080065ec       0x30 .pio/build/genericSTM32F103C8/FrameworkArduinoVariant/PeripheralPins.c.o
                0x080065ec                PinMap_SPI_SCLK
 .rodata.PinMap_SPI_MISO
                0x0800661c       0x30 .pio/build/genericSTM32F103C8/FrameworkArduinoVariant/PeripheralPins.c.o
                0x0800661c                PinMap_SPI_MISO
 .rodata.PinMap_SPI_MOSI
                0x0800664c       0x30 .pio/build/genericSTM32F103C8/FrameworkArduinoVariant/PeripheralPins.c.o
                0x0800664c                PinMap_SPI_MOSI
 .rodata.PinMap_UART_CTS
                0x0800667c       0x3c .pio/build/genericSTM32F103C8/FrameworkArduinoVariant/PeripheralPins.c.o
                0x0800667c                PinMap_UART_CTS
 .rodata.PinMap_UART_RTS
                0x080066b8       0x3c .pio/build/genericSTM32F103C8/FrameworkArduinoVariant/PeripheralPins.c.o
                0x080066b8                PinMap_UART_RTS
 .rodata.PinMap_UART_RX
                0x080066f4       0x3c .pio/build/genericSTM32F103C8/FrameworkArduinoVariant/PeripheralPins.c.o
                0x080066f4                PinMap_UART_RX
 .rodata.PinMap_UART_TX
                0x08006730       0x3c .pio/build/genericSTM32F103C8/FrameworkArduinoVariant/PeripheralPins.c.o
                0x08006730                PinMap_UART_TX
 .rodata.PinMap_TIM
                0x0800676c      0x204 .pio/build/genericSTM32F103C8/FrameworkArduinoVariant/PeripheralPins.c.o
                0x0800676c                PinMap_TIM
 .rodata.analogInputPin
                0x08006970       0x28 .pio/build/genericSTM32F103C8/FrameworkArduinoVariant/variant_generic.cpp.o
                0x08006970                analogInputPin
 .rodata.digitalPin
                0x08006998       0x94 .pio/build/genericSTM32F103C8/FrameworkArduinoVariant/variant_generic.cpp.o
                0x08006998                digitalPin
 .rodata.aPredivFactorTable.0
                0x08006a2c        0x2 .pio/build/genericSTM32F103C8/SrcWrapper/src/HAL/stm32yyxx_hal_rcc.c.o
 .rodata.aPLLMULFactorTable.1
                0x08006a2e       0x10 .pio/build/genericSTM32F103C8/SrcWrapper/src/HAL/stm32yyxx_hal_rcc.c.o
 .rodata.CSWTCH.75
                0x08006a3e        0x4 .pio/build/genericSTM32F103C8/SrcWrapper/src/HardwareTimer.cpp.o
 .rodata.CSWTCH.73
                0x08006a42        0x4 .pio/build/genericSTM32F103C8/SrcWrapper/src/HardwareTimer.cpp.o
 .rodata.CSWTCH.71
                0x08006a46        0x6 .pio/build/genericSTM32F103C8/SrcWrapper/src/HardwareTimer.cpp.o
 .rodata.pin_map_ll
                0x08006a4c       0x40 .pio/build/genericSTM32F103C8/SrcWrapper/src/stm32/pinmap.c.o
                0x08006a4c                pin_map_ll
 .rodata.APBPrescTable
                0x08006a8c        0x8 .pio/build/genericSTM32F103C8/SrcWrapper/src/stm32/system_stm32yyxx.c.o
                0x08006a8c                APBPrescTable
 .rodata.AHBPrescTable
                0x08006a94       0x10 .pio/build/genericSTM32F103C8/SrcWrapper/src/stm32/system_stm32yyxx.c.o
                0x08006a94                AHBPrescTable
 .rodata.setup.str1.1
                0x08006aa4       0x8b .pio/build/genericSTM32F103C8/src/main.cpp.o
                                 0x97 (size before relaxing)
 .rodata._GLOBAL__sub_I_on_off.str1.1
                0x08006b2f        0x4 .pio/build/genericSTM32F103C8/src/main.cpp.o
 *fill*         0x08006b33        0x1 
 .rodata._ZTV6File32
                0x08006b34       0x2c .pio/build/genericSTM32F103C8/src/main.cpp.o
                0x08006b34                vtable for File32
 .rodata._ZTV16DedicatedSpiCard
                0x08006b60       0x44 .pio/build/genericSTM32F103C8/lib7f4/libSdFat - Adafruit Fork.a(SdSpiCard.cpp.o)
                0x08006b60                vtable for DedicatedSpiCard
 .rodata._ZL11lookupTable
                0x08006ba4      0x12c .pio/build/genericSTM32F103C8/lib7f4/libSdFat - Adafruit Fork.a(upcase.cpp.o)
 .rodata._ZL8mapTable
                0x08006cd0       0xd4 .pio/build/genericSTM32F103C8/lib7f4/libSdFat - Adafruit Fork.a(upcase.cpp.o)
 .rodata.CSWTCH.73
                0x08006da4        0x5 .pio/build/genericSTM32F103C8/libFrameworkArduino.a(HardwareSerial.cpp.o)
 *fill*         0x08006da9        0x3 
 .rodata._ZTV14HardwareSerial
                0x08006dac       0x2c .pio/build/genericSTM32F103C8/libFrameworkArduino.a(HardwareSerial.cpp.o)
                0x08006dac                vtable for HardwareSerial
 .rodata._ZN5Print7printlnEv.str1.1
                0x08006dd8        0x3 .pio/build/genericSTM32F103C8/libFrameworkArduino.a(Print.cpp.o)
 .rodata._ZN6Stream10readStringEv.str1.1
                0x08006ddb        0x1 .pio/build/genericSTM32F103C8/libFrameworkArduino.a(Stream.cpp.o)
 .rodata._ZNK6String9substringEjj.str1.1
                0x08006ddb        0x1 .pio/build/genericSTM32F103C8/libFrameworkArduino.a(WString.cpp.o)
 .rodata._ctype_
                0x08006ddb      0x101 c:/users/admin/.platformio/packages/toolchain-gccarmnoneeabi/bin/../lib/gcc/arm-none-eabi/12.3.1/../../../../arm-none-eabi/lib/thumb/v7-m/nofp\libc_nano.a(libc_a-ctype_.o)
                0x08006ddb                _ctype_
                0x08006edc                        . = ALIGN (0x4)

.ARM.extab      0x08006edc        0x0
                0x08006edc                        . = ALIGN (0x4)
 *(.ARM.extab* .gnu.linkonce.armextab.*)
                0x08006edc                        . = ALIGN (0x4)

.ARM            0x08006edc        0x8
                0x08006edc                        . = ALIGN (0x4)
                0x08006edc                        __exidx_start = .
 *(.ARM.exidx*)
 .ARM.exidx     0x08006edc        0x8 c:/users/admin/.platformio/packages/toolchain-gccarmnoneeabi/bin/../lib/gcc/arm-none-eabi/12.3.1/../../../../arm-none-eabi/lib/thumb/v7-m/nofp\libc_nano.a(libc_a-strcmp.o)
 .ARM.exidx     0x08006ee4        0x0 c:/users/admin/.platformio/packages/toolchain-gccarmnoneeabi/bin/../lib/gcc/arm-none-eabi/12.3.1/../../../../arm-none-eabi/lib/thumb/v7-m/nofp\libc_nano.a(libc_a-strlen.o)
                                  0x8 (size before relaxing)
                0x08006ee4                        __exidx_end = .
                0x08006ee4                        . = ALIGN (0x4)

.preinit_array  0x08006ee4        0x0
                0x08006ee4                        . = ALIGN (0x4)
                0x08006ee4                        PROVIDE (__preinit_array_start = .)
 *(.preinit_array*)
                0x08006ee4                        PROVIDE (__preinit_array_end = .)
                0x08006ee4                        . = ALIGN (0x4)

.init_array     0x08006ee4       0x18
                0x08006ee4                        . = ALIGN (0x4)
                0x08006ee4                        PROVIDE (__init_array_start = .)
 *(SORT_BY_NAME(.init_array.*))
 .init_array.00101
                0x08006ee4        0x4 .pio/build/genericSTM32F103C8/libFrameworkArduino.a(main.cpp.o)
 *(.init_array*)
 .init_array    0x08006ee8        0x4 c:/users/admin/.platformio/packages/toolchain-gccarmnoneeabi/bin/../lib/gcc/arm-none-eabi/12.3.1/thumb/v7-m/nofp/crtbegin.o
 .init_array    0x08006eec        0x4 .pio/build/genericSTM32F103C8/SrcWrapper/src/stm32/interrupt.cpp.o
 .init_array    0x08006ef0        0x4 .pio/build/genericSTM32F103C8/src/main.cpp.o
 .init_array    0x08006ef4        0x4 .pio/build/genericSTM32F103C8/liba48/libSPI.a(SPI.cpp.o)
 .init_array    0x08006ef8        0x4 .pio/build/genericSTM32F103C8/libFrameworkArduino.a(HardwareSerial.cpp.o)
                0x08006efc                        PROVIDE (__init_array_end = .)
                0x08006efc                        . = ALIGN (0x4)

.fini_array     0x08006efc        0xc
                0x08006efc                        . = ALIGN (0x4)